
> yassine@0.1.0 test:run
> vitest run


[1m[46m RUN [49m[22m [36mv3.2.4 [39m[90mC:/Users/AdnaneSABER/OneDrive - CHAPSVISION/Documents/GitHub/yassine-1[39m

 [32mÔ£ô[39m __tests__/unit/lib/workflow/constants.test.ts [2m([22m[2m28 tests[22m[2m)[22m[32m 7[2mms[22m[39m
 [31mÔØ»[39m __tests__/unit/lib/utils.test.ts [2m([22m[2m14 tests[22m[2m | [22m[31m1 failed[39m[2m)[22m[32m 11[2mms[22m[39m
[31m   [31m├ù[31m cn (classname utility)[2m > [22mfusionne les classes simples[39m[32m 7[2mms[22m[39m
[31m     ÔåÆ expected 'class1 class2' to be 'class2' // Object.is equality[39m
   [32mÔ£ô[39m cn (classname utility)[2m > [22mg├¿re les classes conditionnelles avec objets[32m 0[2mms[22m[39m
   [32mÔ£ô[39m cn (classname utility)[2m > [22mg├¿re les tableaux de classes[32m 0[2mms[22m[39m
   [32mÔ£ô[39m cn (classname utility)[2m > [22mfiltre les valeurs falsy[32m 0[2mms[22m[39m
   [32mÔ£ô[39m cn (classname utility)[2m > [22mfusionne correctement les classes Tailwind[32m 0[2mms[22m[39m
   [32mÔ£ô[39m cn (classname utility)[2m > [22mfusionne les classes de couleur Tailwind[32m 0[2mms[22m[39m
   [32mÔ£ô[39m cn (classname utility)[2m > [22mg├¿re les classes responsives[32m 0[2mms[22m[39m
   [32mÔ£ô[39m cn (classname utility)[2m > [22mretourne une cha├«ne vide quand aucune classe n'est fournie[32m 0[2mms[22m[39m
   [32mÔ£ô[39m cn (classname utility)[2m > [22mg├¿re les espaces excessifs[32m 0[2mms[22m[39m
   [32mÔ£ô[39m cn (classname utility)[2m > [22mg├¿re correctement les pseudo-classes Tailwind[32m 0[2mms[22m[39m
   [32mÔ£ô[39m cn (classname utility)[2m > [22mfusionne les classes de taille[32m 0[2mms[22m[39m
   [32mÔ£ô[39m cn (classname utility)[2m > [22mg├¿re les variantes de boutons[32m 0[2mms[22m[39m
   [32mÔ£ô[39m cn (classname utility)[2m > [22mpermet d'override des classes par la suite[32m 0[2mms[22m[39m
   [32mÔ£ô[39m cn (classname utility)[2m > [22mg├¿re les arguments variadiques[32m 0[2mms[22m[39m
node.exe : [90mstderr[2m | __tests__/unit/lib/workflow/state-machine.test.ts[2m > [22m[2mDemandeWorkflow[2m > [22m[2mnotifications[2m > [22m[2mne lance pas d'erreur 
si l'envoi d'email ├®choue
At C:\nvm4w\nodejs\npm.ps1:29 char:3
+   & $NODE_EXE $NPM_CLI_JS $args
+   ~~~~~~~~~~~~~~~~~~~~~~~~~~~~~
    + CategoryInfo          : NotSpecified: ([90mstderr[2m...d'email ├®choue:String) [], RemoteException
    + FullyQualifiedErrorId : NativeCommandError
 
[22m[39mFailed to send email notification: Erreur email

[90mstderr[2m | __tests__/unit/lib/workflow/state-machine.test.ts[2m > [22m[2mDemandeWorkflow[2m > [22m[2mnotifications[2m > [22m[2mne lance pas d'erreur si le 
service email lance une exception
[22m[39mError sending notification: Error: Erreur r├®seau
    at [90mC:\Users\AdnaneSABER\OneDrive - CHAPSVISION\Documents\GitHub\yassine-1\[39m__tests__\unit\lib\workflow\state-machine.test.ts:274:82
[90m    at processTicksAndRejections (node:internal/process/task_queues:105:5)[39m
    at [90mfile:///C:/Users/AdnaneSABER/OneDrive%20-%20CHAPSVISION/Documents/GitHub/yassine-1/[39mnode_modules/[4m@vitest[24m/runner/dist/chunk-hooks.js:752:20

 [31mÔØ»[39m __tests__/unit/lib/workflow/state-machine.test.ts [2m([22m[2m31 tests[22m[2m | [22m[31m1 failed[39m[2m)[22m[32m 25[2mms[22m[39m
   [32mÔ£ô[39m WorkflowError[2m > [22mcr├®e une erreur avec code et message[32m 1[2mms[22m[39m
   [32mÔ£ô[39m WorkflowError[2m > [22mcr├®e une erreur avec d├®tails suppl├®mentaires[32m 0[2mms[22m[39m
   [32mÔ£ô[39m WorkflowError[2m > [22mh├®rite de la classe Error[32m 0[2mms[22m[39m
   [32mÔ£ô[39m DemandeWorkflow[2m > [22mtransition[2m > [22meffectue une transition valide avec le r├┤le SYSTEM[32m 1[2mms[22m[39m
   [32mÔ£ô[39m DemandeWorkflow[2m > [22mtransition[2m > [22meffectue une transition valide avec le r├┤le ADMIN[32m 0[2mms[22m[39m
   [32mÔ£ô[39m DemandeWorkflow[2m > [22mtransition[2m > [22meffectue une transition valide avec le r├┤le SUPER_ADMIN[32m 0[2mms[22m[39m
   [32mÔ£ô[39m DemandeWorkflow[2m > [22mtransition[2m > [22mlance une WorkflowError pour une transition invalide[32m 1[2mms[22m[39m
   [32mÔ£ô[39m DemandeWorkflow[2m > [22mtransition[2m > [22mlance une erreur avec le code WF_001 pour transition invalide[32m 0[2mms[22m[39m
   [32mÔ£ô[39m DemandeWorkflow[2m > [22mtransition[2m > [22mlance une erreur quand le r├┤le utilisateur est manquant[32m 1[2mms[22m[39m
   [32mÔ£ô[39m DemandeWorkflow[2m > [22mtransition[2m > [22mlance une erreur avec le code WF_003 pour permissions insuffisantes[32m 0[2mms[22m[39m
   [32mÔ£ô[39m DemandeWorkflow[2m > [22mtransition[2m > [22mlance une erreur quand le r├┤le n'a pas les permissions[32m 0[2mms[22m[39m
   [32mÔ£ô[39m DemandeWorkflow[2m > [22mtransition[2m > [22mpermet aux ├®tudiants de transitionner ATTENTE_INFO vers EN_COURS[32m 1[2mms[22m[39m
   [32mÔ£ô[39m DemandeWorkflow[2m > [22mtransition[2m > [22mmet ├á jour le motif de refus pour une transition vers REJETE[32m 0[2mms[22m[39m
   [32mÔ£ô[39m DemandeWorkflow[2m > [22mtransition[2m > [22mmet ├á jour le commentaire admin[32m 0[2mms[22m[39m
   [32mÔ£ô[39m DemandeWorkflow[2m > [22mtransition[2m > [22mmet ├á jour traiteParId quand fourni[32m 0[2mms[22m[39m
   [32mÔ£ô[39m DemandeWorkflow[2m > [22mtransition[2m > [22mlance une erreur quand motifRefus est requis mais manquant[32m 0[2mms[22m[39m
   [32mÔ£ô[39m DemandeWorkflow[2m > [22mtransition[2m > [22mlance une erreur avec code WF_002 pour validation m├®tier ├®chou├®e[32m 0[2mms[22m[39m
[31m   [31m├ù[31m DemandeWorkflow[2m > [22mtransition[2m > [22mlance une erreur quand on essaie de modifier un ├®tat terminal[39m[32m 4[2mms[22m[39m
[31m     ÔåÆ expected [Function] to throw error including 'terminal state' but got 'Invalid transition: REJETE ÔåÆ EN_COURSÔÇª'[39m
   [32mÔ£ô[39m DemandeWorkflow[2m > [22mtransition[2m > [22mpermet l'archivage depuis un ├®tat terminal[32m 1[2mms[22m[39m
   [32mÔ£ô[39m DemandeWorkflow[2m > [22mtransition[2m > [22mmet ├á jour dateTraitement pour le statut TRAITE[32m 0[2mms[22m[39m
   [32mÔ£ô[39m DemandeWorkflow[2m > [22mtransition[2m > [22md├®finit traiteParId depuis le contexte utilisateur pour VALIDE[32m 0[2mms[22m[39m
   [32mÔ£ô[39m DemandeWorkflow[2m > [22mhistorique[2m > [22mcr├®e une entr├®e d'historique apr├¿s une transition[32m 0[2mms[22m[39m
   [32mÔ£ô[39m DemandeWorkflow[2m > [22mhistorique[2m > [22mpasse les bons param├¿tres ├á Historique.create[32m 2[2mms[22m[39m
   [32mÔ£ô[39m DemandeWorkflow[2m > [22mhistorique[2m > [22mn'inclut pas utilisateur pour SYSTEM[32m 1[2mms[22m[39m
   [32mÔ£ô[39m DemandeWorkflow[2m > [22mnotifications[2m > [22menvoie un email apr├¿s une transition[32m 0[2mms[22m[39m
   [32mÔ£ô[39m DemandeWorkflow[2m > [22mnotifications[2m > [22mne lance pas d'erreur si l'envoi d'email ├®choue[32m 1[2mms[22m[39m
   [32mÔ£ô[39m DemandeWorkflow[2m > [22mnotifications[2m > [22mne lance pas d'erreur si le service email lance une exception[32m 3[2mms[22m[39m
   [32mÔ£ô[39m DemandeWorkflow[2m > [22mauto-transition VALIDE -> TRAITE[2m > [22minitie une auto-transition apr├¿s VALIDE[32m 2[2mms[22m[39m
   [32mÔ£ô[39m DemandeWorkflow[2m > [22mpermissions sp├®ciales[2m > [22mpermet ├á ADMIN les transitions non d├®finies explicitement[32m 0[2mms[22m[39m
   [32mÔ£ô[39m DemandeWorkflow[2m > [22mpermissions sp├®ciales[2m > [22mpermet ├á SUPER_ADMIN les transitions non d├®finies explicitement[32m 0[2mms[22m[39m
   [32mÔ£ô[39m DemandeWorkflow[2m > [22mpermissions sp├®ciales[2m > [22mrefuse les transitions non d├®finies pour STUDENT[32m 0[2mms[22m[39m
 [31mÔØ»[39m __tests__/unit/lib/validators/demande.test.ts [2m([22m[2m85 tests[22m[2m | [22m[31m1 failed[39m[2m)[22m[32m 35[2mms[22m[39m
   [32mÔ£ô[39m createDemandeSchema[2m > [22mvalide une demande correcte avec toutes les valeurs par d├®faut[32m 3[2mms[22m[39m
   [32mÔ£ô[39m createDemandeSchema[2m > [22mvalide une demande avec toutes les donn├®es valides[32m 1[2mms[22m[39m
   [32mÔ£ô[39m createDemandeSchema[2m > [22mnormalise les espaces dans l'objet et la description[32m 0[2mms[22m[39m
   [32mÔ£ô[39m createDemandeSchema[2m > [22mrejette un type de demande invalide[32m 1[2mms[22m[39m
   [32mÔ£ô[39m createDemandeSchema[2m > [22mrejette un objet vide[32m 0[2mms[22m[39m
   [32mÔ£ô[39m createDemandeSchema[2m > [22mrejette un objet avec moins de 5 caract├¿res[32m 0[2mms[22m[39m
   [32mÔ£ô[39m createDemandeSchema[2m > [22mrejette un objet avec plus de 255 caract├¿res[32m 0[2mms[22m[39m
   [32mÔ£ô[39m createDemandeSchema[2m > [22mrejette un objet avec des caract├¿res non autoris├®s[32m 0[2mms[22m[39m
   [32mÔ£ô[39m createDemandeSchema[2m > [22maccepte des caract├¿res sp├®ciaux valides dans l'objet[32m 0[2mms[22m[39m
   [32mÔ£ô[39m createDemandeSchema[2m > [22mrejette une description vide[32m 0[2mms[22m[39m
   [32mÔ£ô[39m createDemandeSchema[2m > [22mrejette une description avec moins de 10 caract├¿res[32m 0[2mms[22m[39m
   [32mÔ£ô[39m createDemandeSchema[2m > [22mrejette une description avec plus de 2000 caract├¿res[32m 0[2mms[22m[39m
   [32mÔ£ô[39m createDemandeSchema[2m > [22mrejette une priorit├® invalide[32m 0[2mms[22m[39m
   [32mÔ£ô[39m createDemandeSchema[2m > [22maccepte toutes les priorit├®s valides[32m 0[2mms[22m[39m
   [32mÔ£ô[39m createDemandeSchema[2m > [22maccepte tous les types de demande valides[32m 0[2mms[22m[39m
   [32mÔ£ô[39m createDemandeSchema[2m > [22mrejette quand l'objet et le d├®but de la description sont identiques[32m 0[2mms[22m[39m
   [32mÔ£ô[39m createDemandeSchema[2m > [22mrejette les champs suppl├®mentaires non autoris├®s[32m 0[2mms[22m[39m
   [32mÔ£ô[39m updateDemandeSchema[2m > [22maccepte un objet vide (mise ├á jour partielle)[32m 0[2mms[22m[39m
   [32mÔ£ô[39m updateDemandeSchema[2m > [22mvalide une mise ├á jour partielle du type de demande[32m 0[2mms[22m[39m
   [32mÔ£ô[39m updateDemandeSchema[2m > [22mvalide une mise ├á jour partielle de l'objet[32m 0[2mms[22m[39m
   [32mÔ£ô[39m updateDemandeSchema[2m > [22mvalide une mise ├á jour partielle de la description[32m 0[2mms[22m[39m
   [32mÔ£ô[39m updateDemandeSchema[2m > [22mvalide une mise ├á jour partielle de la priorit├®[32m 0[2mms[22m[39m
   [32mÔ£ô[39m updateDemandeSchema[2m > [22mvalide une mise ├á jour avec plusieurs champs[32m 0[2mms[22m[39m
   [32mÔ£ô[39m updateDemandeSchema[2m > [22mrejette un objet avec moins de 5 caract├¿res[32m 0[2mms[22m[39m
   [32mÔ£ô[39m updateDemandeSchema[2m > [22mrejette une description avec moins de 10 caract├¿res[32m 0[2mms[22m[39m
   [32mÔ£ô[39m updateDemandeSchema[2m > [22mnormalise les espaces comme le sch├®ma de cr├®ation[32m 0[2mms[22m[39m
   [32mÔ£ô[39m updateDemandeSchema[2m > [22mrejette les champs suppl├®mentaires non autoris├®s[32m 0[2mms[22m[39m
   [32mÔ£ô[39m queryDemandesSchema[2m > [22mutilise les valeurs par d├®faut quand aucun param├¿tre n'est fourni[32m 1[2mms[22m[39m
   [32mÔ£ô[39m queryDemandesSchema[2m > [22maccepte une page valide[32m 0[2mms[22m[39m
   [32mÔ£ô[39m queryDemandesSchema[2m > [22mconvertit une page string en nombre[32m 0[2mms[22m[39m
   [32mÔ£ô[39m queryDemandesSchema[2m > [22mrejette une page n├®gative[32m 0[2mms[22m[39m
   [32mÔ£ô[39m queryDemandesSchema[2m > [22mrejette une page ├á z├®ro[32m 0[2mms[22m[39m
   [32mÔ£ô[39m queryDemandesSchema[2m > [22mrejette une page non enti├¿re[32m 0[2mms[22m[39m
   [32mÔ£ô[39m queryDemandesSchema[2m > [22maccepte une limite valide[32m 0[2mms[22m[39m
   [32mÔ£ô[39m queryDemandesSchema[2m > [22mrejette une limite sup├®rieure ├á 100[32m 0[2mms[22m[39m
   [32mÔ£ô[39m queryDemandesSchema[2m > [22mrejette une limite inf├®rieure ├á 1[32m 0[2mms[22m[39m
   [32mÔ£ô[39m queryDemandesSchema[2m > [22maccepte un statut valide en filtre[32m 0[2mms[22m[39m
   [32mÔ£ô[39m queryDemandesSchema[2m > [22maccepte une priorit├® valide en filtre[32m 0[2mms[22m[39m
   [32mÔ£ô[39m queryDemandesSchema[2m > [22maccepte un type de demande valide en filtre[32m 0[2mms[22m[39m
   [32mÔ£ô[39m queryDemandesSchema[2m > [22maccepte un tri valide avec pr├®fixe -[32m 0[2mms[22m[39m
   [32mÔ£ô[39m queryDemandesSchema[2m > [22maccepte un tri valide sans pr├®fixe[32m 0[2mms[22m[39m
   [32mÔ£ô[39m queryDemandesSchema[2m > [22mrejette un tri invalide[32m 0[2mms[22m[39m
   [32mÔ£ô[39m queryDemandesSchema[2m > [22maccepte une recherche valide[32m 0[2mms[22m[39m
   [32mÔ£ô[39m queryDemandesSchema[2m > [22mrejette une recherche avec moins de 2 caract├¿res[32m 0[2mms[22m[39m
   [32mÔ£ô[39m queryDemandesSchema[2m > [22mrejette une recherche avec plus de 100 caract├¿res[32m 0[2mms[22m[39m
   [32mÔ£ô[39m queryDemandesSchema[2m > [22mnormalise les espaces dans la recherche[32m 0[2mms[22m[39m
   [32mÔ£ô[39m queryDemandesSchema[2m > [22maccepte une recherche undefined[32m 0[2mms[22m[39m
   [32mÔ£ô[39m transitionDemandeSchema[2m > [22mvalide une transition de statut de base[32m 0[2mms[22m[39m
   [32mÔ£ô[39m transitionDemandeSchema[2m > [22mvalide une transition avec commentaire[32m 0[2mms[22m[39m
   [32mÔ£ô[39m transitionDemandeSchema[2m > [22mrejette un statut de transition invalide[32m 0[2mms[22m[39m
   [32mÔ£ô[39m transitionDemandeSchema[2m > [22mrejette un commentaire avec moins de 10 caract├¿res[32m 0[2mms[22m[39m
   [32mÔ£ô[39m transitionDemandeSchema[2m > [22mrejette un commentaire avec plus de 1000 caract├¿res[32m 0[2mms[22m[39m
   [32mÔ£ô[39m transitionDemandeSchema[2m > [22mnormalise les espaces dans le commentaire[32m 0[2mms[22m[39m
   [32mÔ£ô[39m transitionDemandeSchema[2m > [22mrequiert un motif de refus quand le statut est REJETE[32m 0[2mms[22m[39m
   [32mÔ£ô[39m transitionDemandeSchema[2m > [22mvalide une transition vers REJETE avec motif de refus[32m 0[2mms[22m[39m
   [32mÔ£ô[39m transitionDemandeSchema[2m > [22mrejette un motif de refus avec moins de 20 caract├¿res[32m 0[2mms[22m[39m
   [32mÔ£ô[39m transitionDemandeSchema[2m > [22mrejette un motif de refus avec plus de 500 caract├¿res[32m 0[2mms[22m[39m
   [32mÔ£ô[39m transitionDemandeSchema[2m > [22mnormalise les espaces dans le motif de refus[32m 0[2mms[22m[39m
   [32mÔ£ô[39m transitionDemandeSchema[2m > [22mvalide un identifiant traitant MongoDB valide[32m 0[2mms[22m[39m
   [32mÔ£ô[39m transitionDemandeSchema[2m > [22mrejette un identifiant traitant invalide[32m 0[2mms[22m[39m
   [32mÔ£ô[39m transitionDemandeSchema[2m > [22mrejette un identifiant traitant trop court[32m 0[2mms[22m[39m
   [32mÔ£ô[39m transitionDemandeSchema[2m > [22maccepte tous les statuts de transition valides[32m 0[2mms[22m[39m
   [32mÔ£ô[39m transitionDemandeSchema[2m > [22mrejette les champs suppl├®mentaires non autoris├®s[32m 0[2mms[22m[39m
   [32mÔ£ô[39m fileUploadSchema[2m > [22mvalide un fichier PDF valide[32m 1[2mms[22m[39m
   [32mÔ£ô[39m fileUploadSchema[2m > [22mvalide un fichier JPEG valide[32m 0[2mms[22m[39m
   [32mÔ£ô[39m fileUploadSchema[2m > [22mvalide un fichier PNG valide[32m 0[2mms[22m[39m
   [32mÔ£ô[39m fileUploadSchema[2m > [22mvalide un fichier DOC valide[32m 0[2mms[22m[39m
   [32mÔ£ô[39m fileUploadSchema[2m > [22mvalide un fichier DOCX valide[32m 0[2mms[22m[39m
   [32mÔ£ô[39m fileUploadSchema[2m > [22mvalide un upload avec cat├®gorie et description[32m 0[2mms[22m[39m
   [32mÔ£ô[39m fileUploadSchema[2m > [22mrejette un fichier avec type non accept├®[32m 0[2mms[22m[39m
   [32mÔ£ô[39m fileUploadSchema[2m > [22mrejette un fichier avec une taille sup├®rieure ├á 5MB[32m 0[2mms[22m[39m
   [32mÔ£ô[39m fileUploadSchema[2m > [22mrejette une cat├®gorie vide[32m 0[2mms[22m[39m
   [32mÔ£ô[39m fileUploadSchema[2m > [22mrejette une cat├®gorie trop longue[32m 0[2mms[22m[39m
[31m   [31m├ù[31m fileUploadSchema[2m > [22mrejette une description trop courte[39m[32m 7[2mms[22m[39m
[31m     ÔåÆ expected [Function] to throw an error[39m
   [32mÔ£ô[39m fileUploadSchema[2m > [22mrejette une description trop longue[32m 1[2mms[22m[39m
   [32mÔ£ô[39m fileUploadSchema[2m > [22mnormalise les espaces dans la description[32m 0[2mms[22m[39m
   [32mÔ£ô[39m fileUploadSchema[2m > [22mrejette les champs suppl├®mentaires non autoris├®s[32m 0[2mms[22m[39m
   [32mÔ£ô[39m commentaireSchema[2m > [22mvalide un commentaire correct[32m 0[2mms[22m[39m
   [32mÔ£ô[39m commentaireSchema[2m > [22mutilise isInternal=false par d├®faut[32m 0[2mms[22m[39m
   [32mÔ£ô[39m commentaireSchema[2m > [22maccepte isInternal=true[32m 0[2mms[22m[39m
   [32mÔ£ô[39m commentaireSchema[2m > [22mrejette un contenu vide[32m 0[2mms[22m[39m
   [32mÔ£ô[39m commentaireSchema[2m > [22mrejette un contenu avec moins de 5 caract├¿res[32m 0[2mms[22m[39m
   [32mÔ£ô[39m commentaireSchema[2m > [22mrejette un contenu avec plus de 1000 caract├¿res[32m 0[2mms[22m[39m
   [32mÔ£ô[39m commentaireSchema[2m > [22mnormalise les espaces dans le contenu[32m 0[2mms[22m[39m
   [32mÔ£ô[39m commentaireSchema[2m > [22mrejette les champs suppl├®mentaires non autoris├®s[32m 0[2mms[22m[39m
 [31mÔØ»[39m __tests__/unit/components/demandes/demande-card.test.tsx [2m([22m[2m13 tests[22m[2m | [22m[31m1 failed[39m[2m)[22m[32m 117[2mms[22m[39m
   [32mÔ£ô[39m DemandeCard[2m > [22mrend les informations principales de la demande[32m 50[2mms[22m[39m
   [32mÔ£ô[39m DemandeCard[2m > [22maffiche le statut avec la bonne couleur[32m 20[2mms[22m[39m
   [32mÔ£ô[39m DemandeCard[2m > [22maffiche la date de cr├®ation format├®e[32m 3[2mms[22m[39m
   [32mÔ£ô[39m DemandeCard[2m > [22maffiche le compteur de documents quand il y a des documents[32m 2[2mms[22m[39m
   [32mÔ£ô[39m DemandeCard[2m > [22mne montre pas le compteur de documents quand la liste est vide[32m 2[2mms[22m[39m
   [32mÔ£ô[39m DemandeCard[2m > [22mne montre pas le compteur quand documents est undefined[32m 2[2mms[22m[39m
   [32mÔ£ô[39m DemandeCard[2m > [22mappelle onClick avec l'ID de la demande quand on clique sur la carte[32m 4[2mms[22m[39m
   [32mÔ£ô[39m DemandeCard[2m > [22mne crashe pas quand onClick est undefined[32m 3[2mms[22m[39m
   [32mÔ£ô[39m DemandeCard[2m > [22mne crashe pas quand _id est undefined[32m 2[2mms[22m[39m
   [32mÔ£ô[39m DemandeCard[2m > [22mapplique les classes CSS pour le style interactif[32m 2[2mms[22m[39m
[31m   [31m├ù[31m DemandeCard[2m > [22mtronque la description si elle est trop longue[39m[32m 7[2mms[22m[39m
[31m     ÔåÆ Found multiple elements with the text: /A+/

Here are the matching elements:

Ignored nodes: comments, script, style
[36m<p[31m
  [33mclass[31m=[32m"mt-2 text-sm text-gray-700 line-clamp-2"[31m
[36m>[31m
  [0mAAAAAAAAAAAAAAAAAAAAAAAAAAAAAAAAAAAAAAAAAAAAAAAAAAAAAAAAAAAAAAAAAAAAAAAAAAAAAAAAAAAAAAAAAAAAAAAAAAAAAAAAAAAAAAAAAAAAAAAAAAAAAAAAAAAAAAAAAAAAAAAAAAAAAAAAAAAAAAAAAAAAAAAAAAAAAAAAAAAAAAAAAAAAAAAAAAAAAAAA[0m
[36m</p>[31m

Ignored nodes: comments, script, style
[36m<span[31m
  [33mclass[31m=[32m"font-medium"[31m
[36m>[31m
  [0mAttestation de scolarit├®[0m
[36m</span>[31m

(If this is intentional, then use the `*AllBy*` variant of the query (like `queryAllByText`, `getAllByText`, or `findAllByText`)).

Ignored nodes: comments, script, style
[36m<body>[31m
  [36m<div>[31m
    [36m<div[31m
      [33mclass[31m=[32m"p-4 cursor-pointer hover:shadow-md transition-shadow"[31m
      [33mdata-testid[31m=[32m"card"[31m
    [36m>[31m
      [36m<div[31m
        [33mclass[31m=[32m"flex justify-between items-start"[31m
      [36m>[31m
        [36m<div[31m
          [33mclass[31m=[32m"flex-1"[31m
        [36m>[31m
          [36m<h3[31m
            [33mclass[31m=[32m"text-lg font-semibold text-gray-900"[31m
          [36m>[31m
            [0mDemande de test[0m
          [36m</h3>[31m
          [36m<p[31m
            [33mclass[31m=[32m"text-sm text-gray-600"[31m
          [36m>[31m
            [0mDEM-2026-000001[0m
          [36m</p>[31m
        [36m</div>[31m
        [36m<span[31m
          [33mdata-testid[31m=[32m"badge"[31m
          [33mstyle[31m=[32m"background-color: rgb(107, 114, 128);"[31m
        [36m>[31m
          [0mSoumis[0m
        [36m</span>[31m
      [36m</div>[31m
      [36m<p[31m
        [33mclass[31m=[32m"mt-2 text-sm text-gray-700 line-clamp-2"[31m
      [36m>[31m
        [0mAAAAAAAAAAAAAAAAAAAAAAAAAAAAAAAAAAAAAAAAAAAAAAAAAAAAAAAAAAAAAAAAAAAAAAAAAAAAAAAAAAAAAAAAAAAAAAAAAAAAAAAAAAAAAAAAAAAAAAAAAAAAAAAAAAAAAAAAAAAAAAAAAAAAAAAAAAAAAAAAAAAAAAAAAAAAAAAAAAAAAAAAAAAAAAAAAAAAAAAA[0m
      [36m</p>[31m
      [36m<div[31m
        [33mclass[31m=[32m"mt-4 flex justify-between items-center text-xs text-gray-500"[31m
      [36m>[31m
        [36m<span[31m
          [33mclass[31m=[32m"font-medium"[31m
        [36m>[31m
          [0mAttestation de scolarit├®[0m
        [36m</span>[31m
        [36m<span>[31m
          [0m15/01/2026[0m
        [36m</span>[31m
      [36m</div>[31m
    [36m</div>[31m
  [36m</div>[31m
[36m</body>[31m[39m
   [32mÔ£ô[39m DemandeCard[2m > [22maffiche les diff├®rents statuts avec leurs couleurs[32m 17[2mms[22m[39m
   [32mÔ£ô[39m DemandeCard[2m > [22mutilise le format ObjectId pour _id[32m 2[2mms[22m[39m
 [32mÔ£ô[39m __tests__/unit/components/demandes/demande-detail.test.tsx [2m([22m[2m21 tests[22m[2m)[22m[32m 168[2mms[22m[39m
[90mstderr[2m | __tests__/unit/components/admin/demandes-table.test.tsx[2m > [22m[2mDemandesTable[2m > [22m[2mg├¿re les demandes sans _id
[22m[39mEach child in a list should have a unique "key" prop.

Check the render method of `TableBody`. It was passed a child from DemandesTable. See https://react.dev/link/warning-keys for more information.

 [31mÔØ»[39m __tests__/unit/components/admin/demandes-table.test.tsx [2m([22m[2m17 tests[22m[2m | [22m[31m2 failed[39m[2m)[22m[32m 270[2mms[22m[39m
   [32mÔ£ô[39m DemandesTable[2m > [22maffiche l'empty state quand la liste est vide[32m 23[2mms[22m[39m
   [32mÔ£ô[39m DemandesTable[2m > [22mrend le tableau avec les en-t├¬tes corrects[32m 45[2mms[22m[39m
[31m   [31m├ù[31m DemandesTable[2m > [22maffiche toutes les demandes dans le tableau[39m[32m 18[2mms[22m[39m
[31m     ÔåÆ Found multiple elements with the text: Relev├® de notes

Here are the matching elements:

Ignored nodes: comments, script, style
[36m<span[31m
  [33mclass[31m=[32m"text-sm"[31m
[36m>[31m
  [0mRelev├® de notes[0m
[36m</span>[31m

Ignored nodes: comments, script, style
[36m<span[31m
  [33mclass[31m=[32m"text-sm truncate block"[31m
  [33mtitle[31m=[32m"Relev├® de notes"[31m
[36m>[31m
  [0mRelev├® de notes[0m
[36m</span>[31m

(If this is intentional, then use the `*AllBy*` variant of the query (like `queryAllByText`, `getAllByText`, or `findAllByText`)).

Ignored nodes: comments, script, style
[36m<body>[31m
  [36m<div>[31m
    [36m<div[31m
      [33mclass[31m=[32m"border rounded-lg overflow-hidden"[31m
    [36m>[31m
      [36m<table[31m
        [33mdata-testid[31m=[32m"table"[31m
      [36m>[31m
        [36m<thead>[31m
          [36m<tr>[31m
            [36m<th>[31m
              [0mNum├®ro[0m
            [36m</th>[31m
            [36m<th>[31m
              [0m├ëtudiant[0m
            [36m</th>[31m
            [36m<th>[31m
              [0mType[0m
            [36m</th>[31m
            [36m<th>[31m
              [0mObjet[0m
            [36m</th>[31m
            [36m<th>[31m
              [0mStatut[0m
            [36m</th>[31m
            [36m<th>[31m
              [0mPriorit├®[0m
            [36m</th>[31m
            [36m<th>[31m
              [0mDate[0m
            [36m</th>[31m
            [36m<th>[31m
              [0mActions[0m
            [36m</th>[31m
          [36m</tr>[31m
        [36m</thead>[31m
        [36m<tbody>[31m
          [36m<tr>[31m
            [36m<td[31m
              [33mclass[31m=[32m"font-medium"[31m
            [36m>[31m
              [0mDEM-2026-000001[0m
            [36m</td>[31m
            [36m<td>[31m
              [36m<div>[31m
                [36m<div[31m
                  [33mclass[31m=[32m"font-medium"[31m
                [36m>[31m
                  [0mJohn[0m
                  [0m [0m
                  [0mDoe[0m
                [36m</div>[31m
                [36m<div[31m
                  [33mclass[31m=[32m"text-xs text-gray-500"[31m
                [36m>[31m
                  [0mETU001[0m
                [36m</div>[31m
              [36m</div>[31m
            [36m</td>[31m
            [36m<td[31m
              [33mclass[31m=[32m"max-w-[150px]"[31m
            [36m>[31m
              [36m<span[31m
                [33mclass[31m=[32m"text-sm"[31m
              [36m>[31m
                [0mAttestation de scolarit├®[0m
              [36m</span>[31m
            [36m</td>[31m
            [36m<td[31m
              [33mclass[31m=[32m"max-w-[200px]"[31m
            [36m>[31m
              [36m<span[31m
                [33mclass[31m=[32m"text-sm truncate block"[31m
                [33mtitle[31m=[32m"Demande attestations"[31m
              [36m>[31m
                [0mDemande attestations[0m
              [36m</span>[31m
            [36m</td>[31m
            [36m<td>[31m
              [36m<span[31m
                [33mdata-testid[31m=[32m"badge"[31m
                [33mstyle[31m=[32m"background-color: rgb(107, 114, 128);"[31m
              [36m>[31m
                [0mSoumis[0m
              [36m</span>[31m
            [36m</td>[31m
            [36m<td>[31m
              [36m<span[31m
                [33mclass[31m=[32m"text-xs px-2 py-1 rounded bg-blue-100 text-blue-800"[31m
              [36m>[31m
                [0mNORMALE[0m
              [36m</span>[31m
            [36m</td>[31m
            [36m<td>[31m
              [0m15/01/2026[0m
            [36m</td>[31m
            [36m<td[31m
              [33mclass[31m=[32m"text-right"[31m
            [36m>[31m
              [36m<div[31m
                [33mclass[31m=[32m"flex gap-2 justify-end"[31m
              [36m>[31m
                [36m<button[31m
                  [33mdata-size[31m=[32m"sm"[31m
                  [33mdata-variant[31m=[32m"outline"[31m
                [36m>[31m
                  [0mVoir[0m
                [36m</button>[31m
                [36m<button[31m
                  [33mdata-size[31m=[32m"sm"[31m
                [36m>[31m
                  [0mModifier[0m
                [36m</button>[31m
              [36m</div>[31m
            [36m</td>[31m
          [36m</tr>[31m
          [36m<tr>[31m
            [36m<td[31m
              [33mclass[31m=[32m"font-medium"[31m
            [36m>[31m
              [0mDEM-2026-000002[0m
            [36m</td>[31m
            [36m<td>[31m
              [36m<div>[31m
                [36m<div[31m
                  [33mclass[31m=[32m"font-medium"[31m
                [36m>[31m
                  [0mJane[0m
                  [0m [0m
                  [0mSmith[0m
                [36m</div>[31m
                [36m<div[31m
                  [33mclass[31m=[32m"text-xs text-gray-500"[31m
                [36m>[31m
                  [0mETU002[0m
                [36m</div>[31m
              [36m</div>[31m
            [36m</td>[31m
            [36m<td[31m
              [33mclass[31m=[32m"max-w-[150px]"[31m
            [36m>[31m
              [36m<span[31m
                [33mclass[31m=[32m"text-sm"[31m
              [36m>[31m
                [0mConvention de stage[0m
              [36m</span>[31m
            [36m</td>[31m
            [36m<td[31m
              [33mclass[31m=[32m"max-w-[200px]"[31m
            [36m>[31m
              [36m<span[31m
                [33mclass[31m=[32m"text-sm truncate block"[31m
                [33mtitle[31m=[32m"Convention de stage urgent"[31m
              [36m>[31m
                [0mConvention de stage urgent[0m
              [36m</span>[31m
            [36m</td>[31m
            [36m<td>[31m
              [36m<span[31m
                [33mdata-testid[31m=[32m"badge"[31m
                [33mstyle[31m=[32m"background-color: rgb(245, 158, 11);"[31m
              [36m>[31m
                [0mEn cours[0m
              [36m</span>[31m
            [36m</td>[31m
            [36m<td>[31m
              [36m<span[31m
                [33mclass[31m=[32m"text-xs px-2 py-1 rounded bg-red-100 text-red-800"[31m
              [36m>[31m
                [0mURGENTE[0m
              [36m</span>[31m
            [36m</td>[31m
            [36m<td>[31m
              [0m14/01/2026[0m
            [36m</td>[31m
            [36m<td[31m
              [33mclass[31m=[32m"text-right"[31m
            [36m>[31m
              [36m<div[31m
                [33mclass[31m=[32m"flex gap-2 justify-end"[31m
              [36m>[31m
                [36m<button[31m
                  [33mdata-size[31m=[32m"sm"[31m
                  [33mdata-variant[31m=[32m"outline"[31m
                [36m>[31m
                  [0mVoir[0m
                [36m</button>[31m
                [36m<button[31m
                  [33mdata-size[31m=[32m"sm"[31m
                [36m>[31m
                  [0mModifier[0m
                [36m</button>[31m
              [36m</div>[31m
            [36m</td>[31m
          [36m</tr>[31m
          [36m<tr>[31m
            [36m<td[31m
              [33mclass[31m=[32m"font-medium"[31m
            [36m>[31m
              [0mDEM-2026-000003[0m
            [36m</td>[31m
            [36m<td>[31m
              [36m<div>[31m
                [36m<div[31m
                  [33mclass[31m=[32m"font-medium"[31m
                [36m>[31m
                  [0mPierre[0m
                  [0m [0m
                  [0mMartin[0m
                [36m</div>[31m
                [36m<div[31m
                  [33mclass[31m=[32m"text-xs text-gray-500"[31m
                [36m>[31m
                  [0mETU003[0m
                [36m</div>[31m
              [36m</div>[31m
            [36m</td>[31m
            [36m<td[31m
              [33mclass[31m=[32m"max-w-[150px]"[31m
            [36m>[31m
              [36m<span[31m
                [33mclass[31m=[32m"text-sm"[31m
              [36m>[31m
                [0mRelev├® de notes[0m
              [36m</span>[31m
            [36m</td>[31m
            [36m<td[31m
              [33mclass[31m=[32m"max-w-[200px]"[31m
            [36m>[31m
              [36m<span[31m
                [33mclass[31m=[32m"text-sm truncate block"[31m
                [33mtitle[31m=[32m"Relev├® de notes"[31m
              [36m>[31m
                [0mRelev├® de notes[0m
              [36m</span>[31m
            [36m</td>[31m
            [36m<td>[31m
              [36m<span[31m
                [33mdata-testid[31m=[32m"badge"[31m
                [33mstyle[31m=[32m"background-color: rgb(16, 185, 129);"[31m
              [36m>[31m
                [0mValid├®[0m
              [36m</span>[31m
            [36m</td>[31m
            [36m<td>[31m
              [36m<span[31m
                [33mclass[31m=[32m"text-xs px-2 py-1 rounded bg-gray-100 text-gray-800"[31m
              [36m>[31m
                [0mBASSE[0m
              [36m</span>[31m
            [36m</td>[31m
            [36m<td>[31m
              [0m10/01/2026[0m
            [36m</td>[31m
            [36m<td[31m
              [33mclass[31m=[32m"text-right"[31m
            [36m>[31m
              [36m<div[31m
                [33mclass[31m=[32m"flex gap-2 justify-end"[31m
              [36m>[31m
                [36m<button[31m
                  [33mdata-size[31m=[32m"sm"[31m
                  [33mdata-variant[31m=[32m"outline"[31m
                [36m>[31m
                  [0mVoir[0m
                [36m</button>[31m
                [36m<button[31m
                  [33mdata-size[31m=[32m"sm"[31m
                [36m>[31m
                  [0mModifier[0m
                [36m</button>[31m
              [36m</div>[31m
            [36m</td>[31m
          [36m</tr>[31m
        [36m</tbody>[31m
      [36m</table>[31m
    [36m</div>[31m
  [36m</div>[31m
[36m</body>[31m[39m
   [32mÔ£ô[39m DemandesTable[2m > [22maffiche les informations des ├®tudiants[32m 11[2mms[22m[39m
[31m   [31m├ù[31m DemandesTable[2m > [22maffiche les types de demande[39m[32m 18[2mms[22m[39m
[31m     ÔåÆ Found multiple elements with the text: Relev├® de notes

Here are the matching elements:

Ignored nodes: comments, script, style
[36m<span[31m
  [33mclass[31m=[32m"text-sm"[31m
[36m>[31m
  [0mRelev├® de notes[0m
[36m</span>[31m

Ignored nodes: comments, script, style
[36m<span[31m
  [33mclass[31m=[32m"text-sm truncate block"[31m
  [33mtitle[31m=[32m"Relev├® de notes"[31m
[36m>[31m
  [0mRelev├® de notes[0m
[36m</span>[31m

(If this is intentional, then use the `*AllBy*` variant of the query (like `queryAllByText`, `getAllByText`, or `findAllByText`)).

Ignored nodes: comments, script, style
[36m<body>[31m
  [36m<div>[31m
    [36m<div[31m
      [33mclass[31m=[32m"border rounded-lg overflow-hidden"[31m
    [36m>[31m
      [36m<table[31m
        [33mdata-testid[31m=[32m"table"[31m
      [36m>[31m
        [36m<thead>[31m
          [36m<tr>[31m
            [36m<th>[31m
              [0mNum├®ro[0m
            [36m</th>[31m
            [36m<th>[31m
              [0m├ëtudiant[0m
            [36m</th>[31m
            [36m<th>[31m
              [0mType[0m
            [36m</th>[31m
            [36m<th>[31m
              [0mObjet[0m
            [36m</th>[31m
            [36m<th>[31m
              [0mStatut[0m
            [36m</th>[31m
            [36m<th>[31m
              [0mPriorit├®[0m
            [36m</th>[31m
            [36m<th>[31m
              [0mDate[0m
            [36m</th>[31m
            [36m<th>[31m
              [0mActions[0m
            [36m</th>[31m
          [36m</tr>[31m
        [36m</thead>[31m
        [36m<tbody>[31m
          [36m<tr>[31m
            [36m<td[31m
              [33mclass[31m=[32m"font-medium"[31m
            [36m>[31m
              [0mDEM-2026-000001[0m
            [36m</td>[31m
            [36m<td>[31m
              [36m<div>[31m
                [36m<div[31m
                  [33mclass[31m=[32m"font-medium"[31m
                [36m>[31m
                  [0mJohn[0m
                  [0m [0m
                  [0mDoe[0m
                [36m</div>[31m
                [36m<div[31m
                  [33mclass[31m=[32m"text-xs text-gray-500"[31m
                [36m>[31m
                  [0mETU001[0m
                [36m</div>[31m
              [36m</div>[31m
            [36m</td>[31m
            [36m<td[31m
              [33mclass[31m=[32m"max-w-[150px]"[31m
            [36m>[31m
              [36m<span[31m
                [33mclass[31m=[32m"text-sm"[31m
              [36m>[31m
                [0mAttestation de scolarit├®[0m
              [36m</span>[31m
            [36m</td>[31m
            [36m<td[31m
              [33mclass[31m=[32m"max-w-[200px]"[31m
            [36m>[31m
              [36m<span[31m
                [33mclass[31m=[32m"text-sm truncate block"[31m
                [33mtitle[31m=[32m"Demande attestations"[31m
              [36m>[31m
                [0mDemande attestations[0m
              [36m</span>[31m
            [36m</td>[31m
            [36m<td>[31m
              [36m<span[31m
                [33mdata-testid[31m=[32m"badge"[31m
                [33mstyle[31m=[32m"background-color: rgb(107, 114, 128);"[31m
              [36m>[31m
                [0mSoumis[0m
              [36m</span>[31m
            [36m</td>[31m
            [36m<td>[31m
              [36m<span[31m
                [33mclass[31m=[32m"text-xs px-2 py-1 rounded bg-blue-100 text-blue-800"[31m
              [36m>[31m
                [0mNORMALE[0m
              [36m</span>[31m
            [36m</td>[31m
            [36m<td>[31m
              [0m15/01/2026[0m
            [36m</td>[31m
            [36m<td[31m
              [33mclass[31m=[32m"text-right"[31m
            [36m>[31m
              [36m<div[31m
                [33mclass[31m=[32m"flex gap-2 justify-end"[31m
              [36m>[31m
                [36m<button[31m
                  [33mdata-size[31m=[32m"sm"[31m
                  [33mdata-variant[31m=[32m"outline"[31m
                [36m>[31m
                  [0mVoir[0m
                [36m</button>[31m
                [36m<button[31m
                  [33mdata-size[31m=[32m"sm"[31m
                [36m>[31m
                  [0mModifier[0m
                [36m</button>[31m
              [36m</div>[31m
            [36m</td>[31m
          [36m</tr>[31m
          [36m<tr>[31m
            [36m<td[31m
              [33mclass[31m=[32m"font-medium"[31m
            [36m>[31m
              [0mDEM-2026-000002[0m
            [36m</td>[31m
            [36m<td>[31m
              [36m<div>[31m
                [36m<div[31m
                  [33mclass[31m=[32m"font-medium"[31m
                [36m>[31m
                  [0mJane[0m
                  [0m [0m
                  [0mSmith[0m
                [36m</div>[31m
                [36m<div[31m
                  [33mclass[31m=[32m"text-xs text-gray-500"[31m
                [36m>[31m
                  [0mETU002[0m
                [36m</div>[31m
              [36m</div>[31m
            [36m</td>[31m
            [36m<td[31m
              [33mclass[31m=[32m"max-w-[150px]"[31m
            [36m>[31m
              [36m<span[31m
                [33mclass[31m=[32m"text-sm"[31m
              [36m>[31m
                [0mConvention de stage[0m
              [36m</span>[31m
            [36m</td>[31m
            [36m<td[31m
              [33mclass[31m=[32m"max-w-[200px]"[31m
            [36m>[31m
              [36m<span[31m
                [33mclass[31m=[32m"text-sm truncate block"[31m
                [33mtitle[31m=[32m"Convention de stage urgent"[31m
              [36m>[31m
                [0mConvention de stage urgent[0m
              [36m</span>[31m
            [36m</td>[31m
            [36m<td>[31m
              [36m<span[31m
                [33mdata-testid[31m=[32m"badge"[31m
                [33mstyle[31m=[32m"background-color: rgb(245, 158, 11);"[31m
              [36m>[31m
                [0mEn cours[0m
              [36m</span>[31m
            [36m</td>[31m
            [36m<td>[31m
              [36m<span[31m
                [33mclass[31m=[32m"text-xs px-2 py-1 rounded bg-red-100 text-red-800"[31m
              [36m>[31m
                [0mURGENTE[0m
              [36m</span>[31m
            [36m</td>[31m
            [36m<td>[31m
              [0m14/01/2026[0m
            [36m</td>[31m
            [36m<td[31m
              [33mclass[31m=[32m"text-right"[31m
            [36m>[31m
              [36m<div[31m
                [33mclass[31m=[32m"flex gap-2 justify-end"[31m
              [36m>[31m
                [36m<button[31m
                  [33mdata-size[31m=[32m"sm"[31m
                  [33mdata-variant[31m=[32m"outline"[31m
                [36m>[31m
                  [0mVoir[0m
                [36m</button>[31m
                [36m<button[31m
                  [33mdata-size[31m=[32m"sm"[31m
                [36m>[31m
                  [0mModifier[0m
                [36m</button>[31m
              [36m</div>[31m
            [36m</td>[31m
          [36m</tr>[31m
          [36m<tr>[31m
            [36m<td[31m
              [33mclass[31m=[32m"font-medium"[31m
            [36m>[31m
              [0mDEM-2026-000003[0m
            [36m</td>[31m
            [36m<td>[31m
              [36m<div>[31m
                [36m<div[31m
                  [33mclass[31m=[32m"font-medium"[31m
                [36m>[31m
                  [0mPierre[0m
                  [0m [0m
                  [0mMartin[0m
                [36m</div>[31m
                [36m<div[31m
                  [33mclass[31m=[32m"text-xs text-gray-500"[31m
                [36m>[31m
                  [0mETU003[0m
                [36m</div>[31m
              [36m</div>[31m
            [36m</td>[31m
            [36m<td[31m
              [33mclass[31m=[32m"max-w-[150px]"[31m
            [36m>[31m
              [36m<span[31m
                [33mclass[31m=[32m"text-sm"[31m
              [36m>[31m
                [0mRelev├® de notes[0m
              [36m</span>[31m
            [36m</td>[31m
            [36m<td[31m
              [33mclass[31m=[32m"max-w-[200px]"[31m
            [36m>[31m
              [36m<span[31m
                [33mclass[31m=[32m"text-sm truncate block"[31m
                [33mtitle[31m=[32m"Relev├® de notes"[31m
              [36m>[31m
                [0mRelev├® de notes[0m
              [36m</span>[31m
            [36m</td>[31m
            [36m<td>[31m
              [36m<span[31m
                [33mdata-testid[31m=[32m"badge"[31m
                [33mstyle[31m=[32m"background-color: rgb(16, 185, 129);"[31m
              [36m>[31m
                [0mValid├®[0m
              [36m</span>[31m
            [36m</td>[31m
            [36m<td>[31m
              [36m<span[31m
                [33mclass[31m=[32m"text-xs px-2 py-1 rounded bg-gray-100 text-gray-800"[31m
              [36m>[31m
                [0mBASSE[0m
              [36m</span>[31m
            [36m</td>[31m
            [36m<td>[31m
              [0m10/01/2026[0m
            [36m</td>[31m
            [36m<td[31m
              [33mclass[31m=[32m"text-right"[31m
            [36m>[31m
              [36m<div[31m
                [33mclass[31m=[32m"flex gap-2 justify-end"[31m
              [36m>[31m
                [36m<button[31m
                  [33mdata-size[31m=[32m"sm"[31m
                  [33mdata-variant[31m=[32m"outline"[31m
                [36m>[31m
                  [0mVoir[0m
                [36m</button>[31m
                [36m<button[31m
                  [33mdata-size[31m=[32m"sm"[31m
                [36m>[31m
                  [0mModifier[0m
                [36m</button>[31m
              [36m</div>[31m
            [36m</td>[31m
          [36m</tr>[31m
        [36m</tbody>[31m
      [36m</table>[31m
    [36m</div>[31m
  [36m</div>[31m
[36m</body>[31m[39m
   [32mÔ£ô[39m DemandesTable[2m > [22maffiche les statuts avec les bonnes couleurs[32m 29[2mms[22m[39m
   [32mÔ£ô[39m DemandesTable[2m > [22maffiche les priorit├®s avec les bonnes classes CSS[32m 7[2mms[22m[39m
   [32mÔ£ô[39m DemandesTable[2m > [22maffiche les dates format├®es[32m 6[2mms[22m[39m
   [32mÔ£ô[39m DemandesTable[2m > [22maffiche les boutons d'action pour chaque ligne[32m 24[2mms[22m[39m
   [32mÔ£ô[39m DemandesTable[2m > [22mnavigue vers le d├®tail quand on clique sur Voir[32m 13[2mms[22m[39m
   [32mÔ£ô[39m DemandesTable[2m > [22mouvre le dialog de modification quand on clique sur Modifier[32m 17[2mms[22m[39m
   [32mÔ£ô[39m DemandesTable[2m > [22mferme le dialog quand on appelle onClose[32m 14[2mms[22m[39m
   [32mÔ£ô[39m DemandesTable[2m > [22mpasse le userRole au StatusModifierDialog[32m 16[2mms[22m[39m
   [32mÔ£ô[39m DemandesTable[2m > [22mutilise le role ADMIN par d├®faut[32m 11[2mms[22m[39m
   [32mÔ£ô[39m DemandesTable[2m > [22mtravaille correctement avec une seule demande[32m 4[2mms[22m[39m
   [32mÔ£ô[39m DemandesTable[2m > [22mg├¿re les demandes sans _id[32m 8[2mms[22m[39m
   [32mÔ£ô[39m DemandesTable[2m > [22maffiche correctement les objets longs avec title[32m 3[2mms[22m[39m
(node:7256) [MONGOOSE] Warning: Duplicate schema index on {"matricule":1} found. This is often due to declaring an index using both "index: true" and "schema.index()". Please 
remove the duplicate index definition.
(Use `node --trace-warnings ...` to show where the warning was created)
(node:7256) [MONGOOSE] Warning: Duplicate schema index on {"email":1} found. This is often due to declaring an index using both "index: true" and "schema.index()". Please remove 
the duplicate index definition.
(node:7256) [MONGOOSE] Warning: Duplicate schema index on {"numeroDemande":1} found. This is often due to declaring an index using both "index: true" and "schema.index()". 
Please remove the duplicate index definition.
(node:7256) [MONGOOSE] Warning: Duplicate schema index on {"email":1} found. This is often due to declaring an index using both "index: true" and "schema.index()". Please remove 
the duplicate index definition.
(node:28404) [MONGOOSE] Warning: Duplicate schema index on {"matricule":1} found. This is often due to declaring an index using both "index: true" and "schema.index()". Please 
remove the duplicate index definition.
(Use `node --trace-warnings ...` to show where the warning was created)
(node:28404) [MONGOOSE] Warning: Duplicate schema index on {"email":1} found. This is often due to declaring an index using both "index: true" and "schema.index()". Please 
remove the duplicate index definition.
(node:3788) [MONGOOSE] Warning: Duplicate schema index on {"matricule":1} found. This is often due to declaring an index using both "index: true" and "schema.index()". Please 
remove the duplicate index definition.
(Use `node --trace-warnings ...` to show where the warning was created)
(node:3788) [MONGOOSE] Warning: Duplicate schema index on {"email":1} found. This is often due to declaring an index using both "index: true" and "schema.index()". Please remove 
the duplicate index definition.
(node:728) [MONGOOSE] Warning: Duplicate schema index on {"matricule":1} found. This is often due to declaring an index using both "index: true" and "schema.index()". Please 
remove the duplicate index definition.
(Use `node --trace-warnings ...` to show where the warning was created)
(node:728) [MONGOOSE] Warning: Duplicate schema index on {"email":1} found. This is often due to declaring an index using both "index: true" and "schema.index()". Please remove 
the duplicate index definition.
(node:28404) [MONGOOSE] Warning: Duplicate schema index on {"numeroDemande":1} found. This is often due to declaring an index using both "index: true" and "schema.index()". 
Please remove the duplicate index definition.
(node:728) [MONGOOSE] Warning: Duplicate schema index on {"numeroDemande":1} found. This is often due to declaring an index using both "index: true" and "schema.index()". Please 
remove the duplicate index definition.
(node:3788) [MONGOOSE] Warning: Duplicate schema index on {"numeroDemande":1} found. This is often due to declaring an index using both "index: true" and "schema.index()". 
Please remove the duplicate index definition.
(node:728) [MONGOOSE] Warning: Duplicate schema index on {"email":1} found. This is often due to declaring an index using both "index: true" and "schema.index()". Please remove 
the duplicate index definition.
(node:28404) [MONGOOSE] Warning: Duplicate schema index on {"email":1} found. This is often due to declaring an index using both "index: true" and "schema.index()". Please 
remove the duplicate index definition.
(node:3788) [MONGOOSE] Warning: Duplicate schema index on {"email":1} found. This is often due to declaring an index using both "index: true" and "schema.index()". Please remove 
the duplicate index definition.
(node:24508) [MONGOOSE] Warning: Duplicate schema index on {"matricule":1} found. This is often due to declaring an index using both "index: true" and "schema.index()". Please 
remove the duplicate index definition.
(Use `node --trace-warnings ...` to show where the warning was created)
(node:24508) [MONGOOSE] Warning: Duplicate schema index on {"email":1} found. This is often due to declaring an index using both "index: true" and "schema.index()". Please 
remove the duplicate index definition.
(node:28020) [MONGOOSE] Warning: Duplicate schema index on {"matricule":1} found. This is often due to declaring an index using both "index: true" and "schema.index()". Please 
remove the duplicate index definition.
(Use `node --trace-warnings ...` to show where the warning was created)
(node:28020) [MONGOOSE] Warning: Duplicate schema index on {"email":1} found. This is often due to declaring an index using both "index: true" and "schema.index()". Please 
remove the duplicate index definition.
(node:24508) [MONGOOSE] Warning: Duplicate schema index on {"numeroDemande":1} found. This is often due to declaring an index using both "index: true" and "schema.index()". 
Please remove the duplicate index definition.
(node:28020) [MONGOOSE] Warning: Duplicate schema index on {"numeroDemande":1} found. This is often due to declaring an index using both "index: true" and "schema.index()". 
Please remove the duplicate index definition.
(node:28020) [MONGOOSE] Warning: Duplicate schema index on {"email":1} found. This is often due to declaring an index using both "index: true" and "schema.index()". Please 
remove the duplicate index definition.
(node:24508) [MONGOOSE] Warning: Duplicate schema index on {"email":1} found. This is often due to declaring an index using both "index: true" and "schema.index()". Please 
remove the duplicate index definition.
[90mstderr[2m | __tests__/unit/components/admin/status-modifier-dialog.test.tsx[2m > [22m[2mStatusModifierDialog[2m > [22m[2msoumet le formulaire avec succ├¿s
[22m[39mThe current testing environment is not configured to support act(...)
The current testing environment is not configured to support act(...)
The current testing environment is not configured to support act(...)
The current testing environment is not configured to support act(...)

[90mstdout[2m | __tests__/integration/actions/demandes.test.ts[2m > [22m[2mServer Actions - Demandes[2m > [22m[2mcreateDemandeAction[2m > [22m[2mcr├®e une demande avec succ├¿s pour un ├®tudiant authentifi├®
[22m[39mÔ£à MongoDB connected successfully

[90mstderr[2m | __tests__/integration/actions/demandes.test.ts[2m > [22m[2mServer Actions - Demandes[2m > [22m[2mcreateDemandeAction[2m > [22m[2mcr├®e une demande 
avec succ├¿s pour un ├®tudiant authentifi├®
[22m[39mError sending notification: Error: Missing API key. Pass it to the constructor `new Resend("re_123")`
    at new Resend [90m(file:///C:/Users/AdnaneSABER/OneDrive%20-%20CHAPSVISION/Documents/GitHub/yassine-1/[39mnode_modules/[4mresend[24m/dist/index.mjs:902:25[90m)[39m
    at [90mC:\Users\AdnaneSABER\OneDrive - CHAPSVISION\Documents\GitHub\yassine-1\[39mlib\email\resend.ts:7:16
    at VitestExecutor.runModule 
[90m(file:///C:/Users/AdnaneSABER/OneDrive%20-%20CHAPSVISION/Documents/GitHub/yassine-1/[39mnode_modules/[4mvite-node[24m/dist/client.mjs:397:4[90m)[39m
    at VitestExecutor.directRequest 
[90m(file:///C:/Users/AdnaneSABER/OneDrive%20-%20CHAPSVISION/Documents/GitHub/yassine-1/[39mnode_modules/[4mvite-node[24m/dist/client.mjs:375:3[90m)[39m
    at VitestExecutor.cachedRequest 
[90m(file:///C:/Users/AdnaneSABER/OneDrive%20-%20CHAPSVISION/Documents/GitHub/yassine-1/[39mnode_modules/[4mvite-node[24m/dist/client.mjs:189:11[90m)[39m
    at VitestExecutor.dependencyRequest 
[90m(file:///C:/Users/AdnaneSABER/OneDrive%20-%20CHAPSVISION/Documents/GitHub/yassine-1/[39mnode_modules/[4mvite-node[24m/dist/client.mjs:239:10[90m)[39m
    at [90mC:\Users\AdnaneSABER\OneDrive - CHAPSVISION\Documents\GitHub\yassine-1\[39mlib\email\index.ts:6:1
    at VitestExecutor.runModule 
[90m(file:///C:/Users/AdnaneSABER/OneDrive%20-%20CHAPSVISION/Documents/GitHub/yassine-1/[39mnode_modules/[4mvite-node[24m/dist/client.mjs:397:4[90m)[39m
    at VitestExecutor.directRequest 
[90m(file:///C:/Users/AdnaneSABER/OneDrive%20-%20CHAPSVISION/Documents/GitHub/yassine-1/[39mnode_modules/[4mvite-node[24m/dist/client.mjs:375:3[90m)[39m
    at VitestExecutor.cachedRequest 
[90m(file:///C:/Users/AdnaneSABER/OneDrive%20-%20CHAPSVISION/Documents/GitHub/yassine-1/[39mnode_modules/[4mvite-node[24m/dist/client.mjs:189:11[90m)[39m

 [32mÔ£ô[39m __tests__/integration/db/models/demande.test.ts [2m([22m[2m25 tests[22m[2m)[22m[33m 761[2mms[22m[39m
[90mstderr[2m | __tests__/integration/actions/demandes.test.ts[2m > [22m[2mServer Actions - Demandes[2m > [22m[2mcreateDemandeAction[2m > [22m[2mutilise la priorit├® 
NORMALE par d├®faut si non sp├®cifi├®e
[22m[39mError sending notification: Error: Missing API key. Pass it to the constructor `new Resend("re_123")`
    at new Resend [90m(file:///C:/Users/AdnaneSABER/OneDrive%20-%20CHAPSVISION/Documents/GitHub/yassine-1/[39mnode_modules/[4mresend[24m/dist/index.mjs:902:25[90m)[39m
    at [90mC:\Users\AdnaneSABER\OneDrive - CHAPSVISION\Documents\GitHub\yassine-1\[39mlib\email\resend.ts:7:16
    at VitestExecutor.runModule 
[90m(file:///C:/Users/AdnaneSABER/OneDrive%20-%20CHAPSVISION/Documents/GitHub/yassine-1/[39mnode_modules/[4mvite-node[24m/dist/client.mjs:397:4[90m)[39m
    at VitestExecutor.directRequest 
[90m(file:///C:/Users/AdnaneSABER/OneDrive%20-%20CHAPSVISION/Documents/GitHub/yassine-1/[39mnode_modules/[4mvite-node[24m/dist/client.mjs:375:3[90m)[39m
    at VitestExecutor.cachedRequest 
[90m(file:///C:/Users/AdnaneSABER/OneDrive%20-%20CHAPSVISION/Documents/GitHub/yassine-1/[39mnode_modules/[4mvite-node[24m/dist/client.mjs:189:11[90m)[39m
    at VitestExecutor.dependencyRequest 
[90m(file:///C:/Users/AdnaneSABER/OneDrive%20-%20CHAPSVISION/Documents/GitHub/yassine-1/[39mnode_modules/[4mvite-node[24m/dist/client.mjs:239:10[90m)[39m
    at [90mC:\Users\AdnaneSABER\OneDrive - CHAPSVISION\Documents\GitHub\yassine-1\[39mlib\email\index.ts:6:1
    at VitestExecutor.runModule 
[90m(file:///C:/Users/AdnaneSABER/OneDrive%20-%20CHAPSVISION/Documents/GitHub/yassine-1/[39mnode_modules/[4mvite-node[24m/dist/client.mjs:397:4[90m)[39m
    at VitestExecutor.directRequest 
[90m(file:///C:/Users/AdnaneSABER/OneDrive%20-%20CHAPSVISION/Documents/GitHub/yassine-1/[39mnode_modules/[4mvite-node[24m/dist/client.mjs:375:3[90m)[39m
    at VitestExecutor.cachedRequest 
[90m(file:///C:/Users/AdnaneSABER/OneDrive%20-%20CHAPSVISION/Documents/GitHub/yassine-1/[39mnode_modules/[4mvite-node[24m/dist/client.mjs:189:11[90m)[39m

[90mstderr[2m | __tests__/integration/actions/demandes.test.ts[2m > [22m[2mServer Actions - Demandes[2m > [22m[2mcreateDemandeAction[2m > [22m[2maccepte tous les 
types de demande valides
[22m[39mError sending notification: Error: Missing API key. Pass it to the constructor `new Resend("re_123")`
    at new Resend [90m(file:///C:/Users/AdnaneSABER/OneDrive%20-%20CHAPSVISION/Documents/GitHub/yassine-1/[39mnode_modules/[4mresend[24m/dist/index.mjs:902:25[90m)[39m
    at [90mC:\Users\AdnaneSABER\OneDrive - CHAPSVISION\Documents\GitHub\yassine-1\[39mlib\email\resend.ts:7:16
    at VitestExecutor.runModule 
[90m(file:///C:/Users/AdnaneSABER/OneDrive%20-%20CHAPSVISION/Documents/GitHub/yassine-1/[39mnode_modules/[4mvite-node[24m/dist/client.mjs:397:4[90m)[39m
    at VitestExecutor.directRequest 
[90m(file:///C:/Users/AdnaneSABER/OneDrive%20-%20CHAPSVISION/Documents/GitHub/yassine-1/[39mnode_modules/[4mvite-node[24m/dist/client.mjs:375:3[90m)[39m
    at VitestExecutor.cachedRequest 
[90m(file:///C:/Users/AdnaneSABER/OneDrive%20-%20CHAPSVISION/Documents/GitHub/yassine-1/[39mnode_modules/[4mvite-node[24m/dist/client.mjs:189:11[90m)[39m
    at VitestExecutor.dependencyRequest 
[90m(file:///C:/Users/AdnaneSABER/OneDrive%20-%20CHAPSVISION/Documents/GitHub/yassine-1/[39mnode_modules/[4mvite-node[24m/dist/client.mjs:239:10[90m)[39m
    at [90mC:\Users\AdnaneSABER\OneDrive - CHAPSVISION\Documents\GitHub\yassine-1\[39mlib\email\index.ts:6:1
    at VitestExecutor.runModule 
[90m(file:///C:/Users/AdnaneSABER/OneDrive%20-%20CHAPSVISION/Documents/GitHub/yassine-1/[39mnode_modules/[4mvite-node[24m/dist/client.mjs:397:4[90m)[39m
    at VitestExecutor.directRequest 
[90m(file:///C:/Users/AdnaneSABER/OneDrive%20-%20CHAPSVISION/Documents/GitHub/yassine-1/[39mnode_modules/[4mvite-node[24m/dist/client.mjs:375:3[90m)[39m
    at VitestExecutor.cachedRequest 
[90m(file:///C:/Users/AdnaneSABER/OneDrive%20-%20CHAPSVISION/Documents/GitHub/yassine-1/[39mnode_modules/[4mvite-node[24m/dist/client.mjs:189:11[90m)[39m

[90mstderr[2m | __tests__/integration/actions/demandes.test.ts[2m > [22m[2mServer Actions - Demandes[2m > [22m[2mcreateDemandeAction[2m > [22m[2maccepte tous les 
types de demande valides
[22m[39mError sending notification: Error: Missing API key. Pass it to the constructor `new Resend("re_123")`
    at new Resend [90m(file:///C:/Users/AdnaneSABER/OneDrive%20-%20CHAPSVISION/Documents/GitHub/yassine-1/[39mnode_modules/[4mresend[24m/dist/index.mjs:902:25[90m)[39m
    at [90mC:\Users\AdnaneSABER\OneDrive - CHAPSVISION\Documents\GitHub\yassine-1\[39mlib\email\resend.ts:7:16
    at VitestExecutor.runModule 
[90m(file:///C:/Users/AdnaneSABER/OneDrive%20-%20CHAPSVISION/Documents/GitHub/yassine-1/[39mnode_modules/[4mvite-node[24m/dist/client.mjs:397:4[90m)[39m
    at VitestExecutor.directRequest 
[90m(file:///C:/Users/AdnaneSABER/OneDrive%20-%20CHAPSVISION/Documents/GitHub/yassine-1/[39mnode_modules/[4mvite-node[24m/dist/client.mjs:375:3[90m)[39m
    at VitestExecutor.cachedRequest 
[90m(file:///C:/Users/AdnaneSABER/OneDrive%20-%20CHAPSVISION/Documents/GitHub/yassine-1/[39mnode_modules/[4mvite-node[24m/dist/client.mjs:189:11[90m)[39m
    at VitestExecutor.dependencyRequest 
[90m(file:///C:/Users/AdnaneSABER/OneDrive%20-%20CHAPSVISION/Documents/GitHub/yassine-1/[39mnode_modules/[4mvite-node[24m/dist/client.mjs:239:10[90m)[39m
    at [90mC:\Users\AdnaneSABER\OneDrive - CHAPSVISION\Documents\GitHub\yassine-1\[39mlib\email\index.ts:6:1
    at VitestExecutor.runModule 
[90m(file:///C:/Users/AdnaneSABER/OneDrive%20-%20CHAPSVISION/Documents/GitHub/yassine-1/[39mnode_modules/[4mvite-node[24m/dist/client.mjs:397:4[90m)[39m
    at VitestExecutor.directRequest 
[90m(file:///C:/Users/AdnaneSABER/OneDrive%20-%20CHAPSVISION/Documents/GitHub/yassine-1/[39mnode_modules/[4mvite-node[24m/dist/client.mjs:375:3[90m)[39m
    at VitestExecutor.cachedRequest 
[90m(file:///C:/Users/AdnaneSABER/OneDrive%20-%20CHAPSVISION/Documents/GitHub/yassine-1/[39mnode_modules/[4mvite-node[24m/dist/client.mjs:189:11[90m)[39m

[90mstderr[2m | __tests__/integration/actions/demandes.test.ts[2m > [22m[2mServer Actions - Demandes[2m > [22m[2mcreateDemandeAction[2m > [22m[2maccepte tous les 
types de demande valides
[22m[39mError sending notification: Error: Missing API key. Pass it to the constructor `new Resend("re_123")`
    at new Resend [90m(file:///C:/Users/AdnaneSABER/OneDrive%20-%20CHAPSVISION/Documents/GitHub/yassine-1/[39mnode_modules/[4mresend[24m/dist/index.mjs:902:25[90m)[39m
    at [90mC:\Users\AdnaneSABER\OneDrive - CHAPSVISION\Documents\GitHub\yassine-1\[39mlib\email\resend.ts:7:16
    at VitestExecutor.runModule 
[90m(file:///C:/Users/AdnaneSABER/OneDrive%20-%20CHAPSVISION/Documents/GitHub/yassine-1/[39mnode_modules/[4mvite-node[24m/dist/client.mjs:397:4[90m)[39m
    at VitestExecutor.directRequest 
[90m(file:///C:/Users/AdnaneSABER/OneDrive%20-%20CHAPSVISION/Documents/GitHub/yassine-1/[39mnode_modules/[4mvite-node[24m/dist/client.mjs:375:3[90m)[39m
    at VitestExecutor.cachedRequest 
[90m(file:///C:/Users/AdnaneSABER/OneDrive%20-%20CHAPSVISION/Documents/GitHub/yassine-1/[39mnode_modules/[4mvite-node[24m/dist/client.mjs:189:11[90m)[39m
    at VitestExecutor.dependencyRequest 
[90m(file:///C:/Users/AdnaneSABER/OneDrive%20-%20CHAPSVISION/Documents/GitHub/yassine-1/[39mnode_modules/[4mvite-node[24m/dist/client.mjs:239:10[90m)[39m
    at [90mC:\Users\AdnaneSABER\OneDrive - CHAPSVISION\Documents\GitHub\yassine-1\[39mlib\email\index.ts:6:1
    at VitestExecutor.runModule 
[90m(file:///C:/Users/AdnaneSABER/OneDrive%20-%20CHAPSVISION/Documents/GitHub/yassine-1/[39mnode_modules/[4mvite-node[24m/dist/client.mjs:397:4[90m)[39m
    at VitestExecutor.directRequest 
[90m(file:///C:/Users/AdnaneSABER/OneDrive%20-%20CHAPSVISION/Documents/GitHub/yassine-1/[39mnode_modules/[4mvite-node[24m/dist/client.mjs:375:3[90m)[39m
    at VitestExecutor.cachedRequest 
[90m(file:///C:/Users/AdnaneSABER/OneDrive%20-%20CHAPSVISION/Documents/GitHub/yassine-1/[39mnode_modules/[4mvite-node[24m/dist/client.mjs:189:11[90m)[39m

[90mstderr[2m | __tests__/integration/actions/demandes.test.ts[2m > [22m[2mServer Actions - Demandes[2m > [22m[2mcreateDemandeAction[2m > [22m[2maccepte tous les 
types de demande valides
[22m[39mError sending notification: Error: Missing API key. Pass it to the constructor `new Resend("re_123")`
    at new Resend [90m(file:///C:/Users/AdnaneSABER/OneDrive%20-%20CHAPSVISION/Documents/GitHub/yassine-1/[39mnode_modules/[4mresend[24m/dist/index.mjs:902:25[90m)[39m
    at [90mC:\Users\AdnaneSABER\OneDrive - CHAPSVISION\Documents\GitHub\yassine-1\[39mlib\email\resend.ts:7:16
    at VitestExecutor.runModule 
[90m(file:///C:/Users/AdnaneSABER/OneDrive%20-%20CHAPSVISION/Documents/GitHub/yassine-1/[39mnode_modules/[4mvite-node[24m/dist/client.mjs:397:4[90m)[39m
    at VitestExecutor.directRequest 
[90m(file:///C:/Users/AdnaneSABER/OneDrive%20-%20CHAPSVISION/Documents/GitHub/yassine-1/[39mnode_modules/[4mvite-node[24m/dist/client.mjs:375:3[90m)[39m
    at VitestExecutor.cachedRequest 
[90m(file:///C:/Users/AdnaneSABER/OneDrive%20-%20CHAPSVISION/Documents/GitHub/yassine-1/[39mnode_modules/[4mvite-node[24m/dist/client.mjs:189:11[90m)[39m
    at VitestExecutor.dependencyRequest 
[90m(file:///C:/Users/AdnaneSABER/OneDrive%20-%20CHAPSVISION/Documents/GitHub/yassine-1/[39mnode_modules/[4mvite-node[24m/dist/client.mjs:239:10[90m)[39m
    at [90mC:\Users\AdnaneSABER\OneDrive - CHAPSVISION\Documents\GitHub\yassine-1\[39mlib\email\index.ts:6:1
    at VitestExecutor.runModule 
[90m(file:///C:/Users/AdnaneSABER/OneDrive%20-%20CHAPSVISION/Documents/GitHub/yassine-1/[39mnode_modules/[4mvite-node[24m/dist/client.mjs:397:4[90m)[39m
    at VitestExecutor.directRequest 
[90m(file:///C:/Users/AdnaneSABER/OneDrive%20-%20CHAPSVISION/Documents/GitHub/yassine-1/[39mnode_modules/[4mvite-node[24m/dist/client.mjs:375:3[90m)[39m
    at VitestExecutor.cachedRequest 
[90m(file:///C:/Users/AdnaneSABER/OneDrive%20-%20CHAPSVISION/Documents/GitHub/yassine-1/[39mnode_modules/[4mvite-node[24m/dist/client.mjs:189:11[90m)[39m

[90mstderr[2m | __tests__/integration/actions/demandes.test.ts[2m > [22m[2mServer Actions - Demandes[2m > [22m[2mcreateDemandeAction[2m > [22m[2maccepte tous les 
types de demande valides
[22m[39mError sending notification: Error: Missing API key. Pass it to the constructor `new Resend("re_123")`
    at new Resend [90m(file:///C:/Users/AdnaneSABER/OneDrive%20-%20CHAPSVISION/Documents/GitHub/yassine-1/[39mnode_modules/[4mresend[24m/dist/index.mjs:902:25[90m)[39m
    at [90mC:\Users\AdnaneSABER\OneDrive - CHAPSVISION\Documents\GitHub\yassine-1\[39mlib\email\resend.ts:7:16
    at VitestExecutor.runModule 
[90m(file:///C:/Users/AdnaneSABER/OneDrive%20-%20CHAPSVISION/Documents/GitHub/yassine-1/[39mnode_modules/[4mvite-node[24m/dist/client.mjs:397:4[90m)[39m
    at VitestExecutor.directRequest 
[90m(file:///C:/Users/AdnaneSABER/OneDrive%20-%20CHAPSVISION/Documents/GitHub/yassine-1/[39mnode_modules/[4mvite-node[24m/dist/client.mjs:375:3[90m)[39m
    at VitestExecutor.cachedRequest 
[90m(file:///C:/Users/AdnaneSABER/OneDrive%20-%20CHAPSVISION/Documents/GitHub/yassine-1/[39mnode_modules/[4mvite-node[24m/dist/client.mjs:189:11[90m)[39m
    at VitestExecutor.dependencyRequest 
[90m(file:///C:/Users/AdnaneSABER/OneDrive%20-%20CHAPSVISION/Documents/GitHub/yassine-1/[39mnode_modules/[4mvite-node[24m/dist/client.mjs:239:10[90m)[39m
    at [90mC:\Users\AdnaneSABER\OneDrive - CHAPSVISION\Documents\GitHub\yassine-1\[39mlib\email\index.ts:6:1
    at VitestExecutor.runModule 
[90m(file:///C:/Users/AdnaneSABER/OneDrive%20-%20CHAPSVISION/Documents/GitHub/yassine-1/[39mnode_modules/[4mvite-node[24m/dist/client.mjs:397:4[90m)[39m
    at VitestExecutor.directRequest 
[90m(file:///C:/Users/AdnaneSABER/OneDrive%20-%20CHAPSVISION/Documents/GitHub/yassine-1/[39mnode_modules/[4mvite-node[24m/dist/client.mjs:375:3[90m)[39m
    at VitestExecutor.cachedRequest 
[90m(file:///C:/Users/AdnaneSABER/OneDrive%20-%20CHAPSVISION/Documents/GitHub/yassine-1/[39mnode_modules/[4mvite-node[24m/dist/client.mjs:189:11[90m)[39m

[90mstderr[2m | __tests__/integration/actions/demandes.test.ts[2m > [22m[2mServer Actions - Demandes[2m > [22m[2mcreateDemandeAction[2m > [22m[2mg├®n├¿re un num├®ro 
de demande unique incr├®mental
[22m[39mError sending notification: Error: Missing API key. Pass it to the constructor `new Resend("re_123")`
    at new Resend [90m(file:///C:/Users/AdnaneSABER/OneDrive%20-%20CHAPSVISION/Documents/GitHub/yassine-1/[39mnode_modules/[4mresend[24m/dist/index.mjs:902:25[90m)[39m
    at [90mC:\Users\AdnaneSABER\OneDrive - CHAPSVISION\Documents\GitHub\yassine-1\[39mlib\email\resend.ts:7:16
    at VitestExecutor.runModule 
[90m(file:///C:/Users/AdnaneSABER/OneDrive%20-%20CHAPSVISION/Documents/GitHub/yassine-1/[39mnode_modules/[4mvite-node[24m/dist/client.mjs:397:4[90m)[39m
    at VitestExecutor.directRequest 
[90m(file:///C:/Users/AdnaneSABER/OneDrive%20-%20CHAPSVISION/Documents/GitHub/yassine-1/[39mnode_modules/[4mvite-node[24m/dist/client.mjs:375:3[90m)[39m
    at VitestExecutor.cachedRequest 
[90m(file:///C:/Users/AdnaneSABER/OneDrive%20-%20CHAPSVISION/Documents/GitHub/yassine-1/[39mnode_modules/[4mvite-node[24m/dist/client.mjs:189:11[90m)[39m
    at VitestExecutor.dependencyRequest 
[90m(file:///C:/Users/AdnaneSABER/OneDrive%20-%20CHAPSVISION/Documents/GitHub/yassine-1/[39mnode_modules/[4mvite-node[24m/dist/client.mjs:239:10[90m)[39m
    at [90mC:\Users\AdnaneSABER\OneDrive - CHAPSVISION\Documents\GitHub\yassine-1\[39mlib\email\index.ts:6:1
    at VitestExecutor.runModule 
[90m(file:///C:/Users/AdnaneSABER/OneDrive%20-%20CHAPSVISION/Documents/GitHub/yassine-1/[39mnode_modules/[4mvite-node[24m/dist/client.mjs:397:4[90m)[39m
    at VitestExecutor.directRequest 
[90m(file:///C:/Users/AdnaneSABER/OneDrive%20-%20CHAPSVISION/Documents/GitHub/yassine-1/[39mnode_modules/[4mvite-node[24m/dist/client.mjs:375:3[90m)[39m
    at VitestExecutor.cachedRequest 
[90m(file:///C:/Users/AdnaneSABER/OneDrive%20-%20CHAPSVISION/Documents/GitHub/yassine-1/[39mnode_modules/[4mvite-node[24m/dist/client.mjs:189:11[90m)[39m

[90mstderr[2m | __tests__/integration/actions/demandes.test.ts[2m > [22m[2mServer Actions - Demandes[2m > [22m[2mcreateDemandeAction[2m > [22m[2mg├®n├¿re un num├®ro 
de demande unique incr├®mental
[22m[39mError sending notification: Error: Missing API key. Pass it to the constructor `new Resend("re_123")`
    at new Resend [90m(file:///C:/Users/AdnaneSABER/OneDrive%20-%20CHAPSVISION/Documents/GitHub/yassine-1/[39mnode_modules/[4mresend[24m/dist/index.mjs:902:25[90m)[39m
    at [90mC:\Users\AdnaneSABER\OneDrive - CHAPSVISION\Documents\GitHub\yassine-1\[39mlib\email\resend.ts:7:16
    at VitestExecutor.runModule 
[90m(file:///C:/Users/AdnaneSABER/OneDrive%20-%20CHAPSVISION/Documents/GitHub/yassine-1/[39mnode_modules/[4mvite-node[24m/dist/client.mjs:397:4[90m)[39m
    at VitestExecutor.directRequest 
[90m(file:///C:/Users/AdnaneSABER/OneDrive%20-%20CHAPSVISION/Documents/GitHub/yassine-1/[39mnode_modules/[4mvite-node[24m/dist/client.mjs:375:3[90m)[39m
    at VitestExecutor.cachedRequest 
[90m(file:///C:/Users/AdnaneSABER/OneDrive%20-%20CHAPSVISION/Documents/GitHub/yassine-1/[39mnode_modules/[4mvite-node[24m/dist/client.mjs:189:11[90m)[39m
    at VitestExecutor.dependencyRequest 
[90m(file:///C:/Users/AdnaneSABER/OneDrive%20-%20CHAPSVISION/Documents/GitHub/yassine-1/[39mnode_modules/[4mvite-node[24m/dist/client.mjs:239:10[90m)[39m
    at [90mC:\Users\AdnaneSABER\OneDrive - CHAPSVISION\Documents\GitHub\yassine-1\[39mlib\email\index.ts:6:1
    at VitestExecutor.runModule 
[90m(file:///C:/Users/AdnaneSABER/OneDrive%20-%20CHAPSVISION/Documents/GitHub/yassine-1/[39mnode_modules/[4mvite-node[24m/dist/client.mjs:397:4[90m)[39m
    at VitestExecutor.directRequest 
[90m(file:///C:/Users/AdnaneSABER/OneDrive%20-%20CHAPSVISION/Documents/GitHub/yassine-1/[39mnode_modules/[4mvite-node[24m/dist/client.mjs:375:3[90m)[39m
    at VitestExecutor.cachedRequest 
[90m(file:///C:/Users/AdnaneSABER/OneDrive%20-%20CHAPSVISION/Documents/GitHub/yassine-1/[39mnode_modules/[4mvite-node[24m/dist/client.mjs:189:11[90m)[39m

[90mstderr[2m | __tests__/integration/actions/demandes.test.ts[2m > [22m[2mServer Actions - Demandes[2m > [22m[2mcreateDemandeAction[2m > [22m[2mg├®n├¿re un num├®ro 
de demande unique incr├®mental
[22m[39mError sending notification: Error: Missing API key. Pass it to the constructor `new Resend("re_123")`
    at new Resend [90m(file:///C:/Users/AdnaneSABER/OneDrive%20-%20CHAPSVISION/Documents/GitHub/yassine-1/[39mnode_modules/[4mresend[24m/dist/index.mjs:902:25[90m)[39m
    at [90mC:\Users\AdnaneSABER\OneDrive - CHAPSVISION\Documents\GitHub\yassine-1\[39mlib\email\resend.ts:7:16
    at VitestExecutor.runModule 
[90m(file:///C:/Users/AdnaneSABER/OneDrive%20-%20CHAPSVISION/Documents/GitHub/yassine-1/[39mnode_modules/[4mvite-node[24m/dist/client.mjs:397:4[90m)[39m
    at VitestExecutor.directRequest 
[90m(file:///C:/Users/AdnaneSABER/OneDrive%20-%20CHAPSVISION/Documents/GitHub/yassine-1/[39mnode_modules/[4mvite-node[24m/dist/client.mjs:375:3[90m)[39m
    at VitestExecutor.cachedRequest 
[90m(file:///C:/Users/AdnaneSABER/OneDrive%20-%20CHAPSVISION/Documents/GitHub/yassine-1/[39mnode_modules/[4mvite-node[24m/dist/client.mjs:189:11[90m)[39m
    at VitestExecutor.dependencyRequest 
[90m(file:///C:/Users/AdnaneSABER/OneDrive%20-%20CHAPSVISION/Documents/GitHub/yassine-1/[39mnode_modules/[4mvite-node[24m/dist/client.mjs:239:10[90m)[39m
    at [90mC:\Users\AdnaneSABER\OneDrive - CHAPSVISION\Documents\GitHub\yassine-1\[39mlib\email\index.ts:6:1
    at VitestExecutor.runModule 
[90m(file:///C:/Users/AdnaneSABER/OneDrive%20-%20CHAPSVISION/Documents/GitHub/yassine-1/[39mnode_modules/[4mvite-node[24m/dist/client.mjs:397:4[90m)[39m
    at VitestExecutor.directRequest 
[90m(file:///C:/Users/AdnaneSABER/OneDrive%20-%20CHAPSVISION/Documents/GitHub/yassine-1/[39mnode_modules/[4mvite-node[24m/dist/client.mjs:375:3[90m)[39m
    at VitestExecutor.cachedRequest 
[90m(file:///C:/Users/AdnaneSABER/OneDrive%20-%20CHAPSVISION/Documents/GitHub/yassine-1/[39mnode_modules/[4mvite-node[24m/dist/client.mjs:189:11[90m)[39m

[90mstderr[2m | __tests__/integration/actions/demandes.test.ts[2m > [22m[2mServer Actions - Demandes[2m > [22m[2mtransitionDemandeAction[2m > [22m[2mtransitionne une 
demande vers EN_COURS avec succ├¿s
[22m[39mError sending notification: Error: Missing API key. Pass it to the constructor `new Resend("re_123")`
    at new Resend [90m(file:///C:/Users/AdnaneSABER/OneDrive%20-%20CHAPSVISION/Documents/GitHub/yassine-1/[39mnode_modules/[4mresend[24m/dist/index.mjs:902:25[90m)[39m
    at [90mC:\Users\AdnaneSABER\OneDrive - CHAPSVISION\Documents\GitHub\yassine-1\[39mlib\email\resend.ts:7:16
    at VitestExecutor.runModule 
[90m(file:///C:/Users/AdnaneSABER/OneDrive%20-%20CHAPSVISION/Documents/GitHub/yassine-1/[39mnode_modules/[4mvite-node[24m/dist/client.mjs:397:4[90m)[39m
    at VitestExecutor.directRequest 
[90m(file:///C:/Users/AdnaneSABER/OneDrive%20-%20CHAPSVISION/Documents/GitHub/yassine-1/[39mnode_modules/[4mvite-node[24m/dist/client.mjs:375:3[90m)[39m
    at VitestExecutor.cachedRequest 
[90m(file:///C:/Users/AdnaneSABER/OneDrive%20-%20CHAPSVISION/Documents/GitHub/yassine-1/[39mnode_modules/[4mvite-node[24m/dist/client.mjs:189:11[90m)[39m
    at VitestExecutor.dependencyRequest 
[90m(file:///C:/Users/AdnaneSABER/OneDrive%20-%20CHAPSVISION/Documents/GitHub/yassine-1/[39mnode_modules/[4mvite-node[24m/dist/client.mjs:239:10[90m)[39m
    at [90mC:\Users\AdnaneSABER\OneDrive - CHAPSVISION\Documents\GitHub\yassine-1\[39mlib\email\index.ts:6:1
    at VitestExecutor.runModule 
[90m(file:///C:/Users/AdnaneSABER/OneDrive%20-%20CHAPSVISION/Documents/GitHub/yassine-1/[39mnode_modules/[4mvite-node[24m/dist/client.mjs:397:4[90m)[39m
    at VitestExecutor.directRequest 
[90m(file:///C:/Users/AdnaneSABER/OneDrive%20-%20CHAPSVISION/Documents/GitHub/yassine-1/[39mnode_modules/[4mvite-node[24m/dist/client.mjs:375:3[90m)[39m
    at VitestExecutor.cachedRequest 
[90m(file:///C:/Users/AdnaneSABER/OneDrive%20-%20CHAPSVISION/Documents/GitHub/yassine-1/[39mnode_modules/[4mvite-node[24m/dist/client.mjs:189:11[90m)[39m

[90mstderr[2m | __tests__/integration/actions/demandes.test.ts[2m > [22m[2mServer Actions - Demandes[2m > [22m[2mtransitionDemandeAction[2m > [22m[2maccepte les 
transitions pour SUPER_ADMIN
[22m[39mError sending notification: Error: Missing API key. Pass it to the constructor `new Resend("re_123")`
    at new Resend [90m(file:///C:/Users/AdnaneSABER/OneDrive%20-%20CHAPSVISION/Documents/GitHub/yassine-1/[39mnode_modules/[4mresend[24m/dist/index.mjs:902:25[90m)[39m
    at [90mC:\Users\AdnaneSABER\OneDrive - CHAPSVISION\Documents\GitHub\yassine-1\[39mlib\email\resend.ts:7:16
    at VitestExecutor.runModule 
[90m(file:///C:/Users/AdnaneSABER/OneDrive%20-%20CHAPSVISION/Documents/GitHub/yassine-1/[39mnode_modules/[4mvite-node[24m/dist/client.mjs:397:4[90m)[39m
    at VitestExecutor.directRequest 
[90m(file:///C:/Users/AdnaneSABER/OneDrive%20-%20CHAPSVISION/Documents/GitHub/yassine-1/[39mnode_modules/[4mvite-node[24m/dist/client.mjs:375:3[90m)[39m
    at VitestExecutor.cachedRequest 
[90m(file:///C:/Users/AdnaneSABER/OneDrive%20-%20CHAPSVISION/Documents/GitHub/yassine-1/[39mnode_modules/[4mvite-node[24m/dist/client.mjs:189:11[90m)[39m
    at VitestExecutor.dependencyRequest 
[90m(file:///C:/Users/AdnaneSABER/OneDrive%20-%20CHAPSVISION/Documents/GitHub/yassine-1/[39mnode_modules/[4mvite-node[24m/dist/client.mjs:239:10[90m)[39m
    at [90mC:\Users\AdnaneSABER\OneDrive - CHAPSVISION\Documents\GitHub\yassine-1\[39mlib\email\index.ts:6:1
    at VitestExecutor.runModule 
[90m(file:///C:/Users/AdnaneSABER/OneDrive%20-%20CHAPSVISION/Documents/GitHub/yassine-1/[39mnode_modules/[4mvite-node[24m/dist/client.mjs:397:4[90m)[39m
    at VitestExecutor.directRequest 
[90m(file:///C:/Users/AdnaneSABER/OneDrive%20-%20CHAPSVISION/Documents/GitHub/yassine-1/[39mnode_modules/[4mvite-node[24m/dist/client.mjs:375:3[90m)[39m
    at VitestExecutor.cachedRequest 
[90m(file:///C:/Users/AdnaneSABER/OneDrive%20-%20CHAPSVISION/Documents/GitHub/yassine-1/[39mnode_modules/[4mvite-node[24m/dist/client.mjs:189:11[90m)[39m

[90mstderr[2m | __tests__/integration/actions/demandes.test.ts[2m > [22m[2mServer Actions - Demandes[2m > [22m[2mtransitionDemandeAction[2m > [22m[2mretourne une 
erreur pour une transition invalide
[22m[39mTransition demande error: WorkflowError: Invalid transition: SOUMIS ÔåÆ EN_COURS. Allowed transitions: RECU
    at DemandeWorkflow.transition [90m(C:\Users\AdnaneSABER\OneDrive - CHAPSVISION\Documents\GitHub\yassine-1\[39mlib\workflow\state-machine.ts:37:13[90m)[39m
    at transitionDemandeAction [90m(C:\Users\AdnaneSABER\OneDrive - CHAPSVISION\Documents\GitHub\yassine-1\[39mapp\actions\demandes.ts:283:20[90m)[39m
[90m    at processTicksAndRejections (node:internal/process/task_queues:105:5)[39m
    at [90mC:\Users\AdnaneSABER\OneDrive - CHAPSVISION\Documents\GitHub\yassine-1\[39m__tests__\integration\actions\demandes.test.ts:899:22
    at [90mfile:///C:/Users/AdnaneSABER/OneDrive%20-%20CHAPSVISION/Documents/GitHub/yassine-1/[39mnode_modules/[4m@vitest[24m/runner/dist/chunk-hooks.js:752:20 {
  code: [32m'WF_001'[39m,
  details: {
    currentStatus: [32m'SOUMIS'[39m,
    attemptedStatus: [32m'EN_COURS'[39m,
    allowedTransitions: [ [32m'RECU'[39m ]
  }
}

[90mstderr[2m | __tests__/integration/actions/demandes.test.ts[2m > [22m[2mServer Actions - Demandes[2m > [22m[2mtransitionDemandeAction[2m > [22m[2mutilise l'ID de 
l'admin connect├® si traiteParId non fourni
[22m[39mError sending notification: Error: Missing API key. Pass it to the constructor `new Resend("re_123")`
    at new Resend [90m(file:///C:/Users/AdnaneSABER/OneDrive%20-%20CHAPSVISION/Documents/GitHub/yassine-1/[39mnode_modules/[4mresend[24m/dist/index.mjs:902:25[90m)[39m
    at [90mC:\Users\AdnaneSABER\OneDrive - CHAPSVISION\Documents\GitHub\yassine-1\[39mlib\email\resend.ts:7:16
    at VitestExecutor.runModule 
[90m(file:///C:/Users/AdnaneSABER/OneDrive%20-%20CHAPSVISION/Documents/GitHub/yassine-1/[39mnode_modules/[4mvite-node[24m/dist/client.mjs:397:4[90m)[39m
    at VitestExecutor.directRequest 
[90m(file:///C:/Users/AdnaneSABER/OneDrive%20-%20CHAPSVISION/Documents/GitHub/yassine-1/[39mnode_modules/[4mvite-node[24m/dist/client.mjs:375:3[90m)[39m
    at VitestExecutor.cachedRequest 
[90m(file:///C:/Users/AdnaneSABER/OneDrive%20-%20CHAPSVISION/Documents/GitHub/yassine-1/[39mnode_modules/[4mvite-node[24m/dist/client.mjs:189:11[90m)[39m
    at VitestExecutor.dependencyRequest 
[90m(file:///C:/Users/AdnaneSABER/OneDrive%20-%20CHAPSVISION/Documents/GitHub/yassine-1/[39mnode_modules/[4mvite-node[24m/dist/client.mjs:239:10[90m)[39m
    at [90mC:\Users\AdnaneSABER\OneDrive - CHAPSVISION\Documents\GitHub\yassine-1\[39mlib\email\index.ts:6:1
    at VitestExecutor.runModule 
[90m(file:///C:/Users/AdnaneSABER/OneDrive%20-%20CHAPSVISION/Documents/GitHub/yassine-1/[39mnode_modules/[4mvite-node[24m/dist/client.mjs:397:4[90m)[39m
    at VitestExecutor.directRequest 
[90m(file:///C:/Users/AdnaneSABER/OneDrive%20-%20CHAPSVISION/Documents/GitHub/yassine-1/[39mnode_modules/[4mvite-node[24m/dist/client.mjs:375:3[90m)[39m
    at VitestExecutor.cachedRequest 
[90m(file:///C:/Users/AdnaneSABER/OneDrive%20-%20CHAPSVISION/Documents/GitHub/yassine-1/[39mnode_modules/[4mvite-node[24m/dist/client.mjs:189:11[90m)[39m

[90mstderr[2m | __tests__/integration/actions/demandes.test.ts[2m > [22m[2mServer Actions - Demandes[2m > [22m[2mtransitionDemandeAction[2m > [22m[2maccepte un 
traiteParId personnalis├®
[22m[39mError sending notification: Error: Missing API key. Pass it to the constructor `new Resend("re_123")`
    at new Resend [90m(file:///C:/Users/AdnaneSABER/OneDrive%20-%20CHAPSVISION/Documents/GitHub/yassine-1/[39mnode_modules/[4mresend[24m/dist/index.mjs:902:25[90m)[39m
    at [90mC:\Users\AdnaneSABER\OneDrive - CHAPSVISION\Documents\GitHub\yassine-1\[39mlib\email\resend.ts:7:16
    at VitestExecutor.runModule 
[90m(file:///C:/Users/AdnaneSABER/OneDrive%20-%20CHAPSVISION/Documents/GitHub/yassine-1/[39mnode_modules/[4mvite-node[24m/dist/client.mjs:397:4[90m)[39m
    at VitestExecutor.directRequest 
[90m(file:///C:/Users/AdnaneSABER/OneDrive%20-%20CHAPSVISION/Documents/GitHub/yassine-1/[39mnode_modules/[4mvite-node[24m/dist/client.mjs:375:3[90m)[39m
    at VitestExecutor.cachedRequest 
[90m(file:///C:/Users/AdnaneSABER/OneDrive%20-%20CHAPSVISION/Documents/GitHub/yassine-1/[39mnode_modules/[4mvite-node[24m/dist/client.mjs:189:11[90m)[39m
    at VitestExecutor.dependencyRequest 
[90m(file:///C:/Users/AdnaneSABER/OneDrive%20-%20CHAPSVISION/Documents/GitHub/yassine-1/[39mnode_modules/[4mvite-node[24m/dist/client.mjs:239:10[90m)[39m
    at [90mC:\Users\AdnaneSABER\OneDrive - CHAPSVISION\Documents\GitHub\yassine-1\[39mlib\email\index.ts:6:1
    at VitestExecutor.runModule 
[90m(file:///C:/Users/AdnaneSABER/OneDrive%20-%20CHAPSVISION/Documents/GitHub/yassine-1/[39mnode_modules/[4mvite-node[24m/dist/client.mjs:397:4[90m)[39m
    at VitestExecutor.directRequest 
[90m(file:///C:/Users/AdnaneSABER/OneDrive%20-%20CHAPSVISION/Documents/GitHub/yassine-1/[39mnode_modules/[4mvite-node[24m/dist/client.mjs:375:3[90m)[39m
    at VitestExecutor.cachedRequest 
[90m(file:///C:/Users/AdnaneSABER/OneDrive%20-%20CHAPSVISION/Documents/GitHub/yassine-1/[39mnode_modules/[4mvite-node[24m/dist/client.mjs:189:11[90m)[39m

 [32mÔ£ô[39m __tests__/integration/actions/demandes.test.ts [2m([22m[2m28 tests[22m[2m)[22m[33m 996[2mms[22m[39m
[90mstderr[2m | __tests__/unit/components/admin/status-modifier-dialog.test.tsx[2m > [22m[2mStatusModifierDialog[2m > [22m[2msoumet avec motif de refus pour le statut 
REJETE
[22m[39mThe current testing environment is not configured to support act(...)
The current testing environment is not configured to support act(...)
The current testing environment is not configured to support act(...)
The current testing environment is not configured to support act(...)

[90mstderr[2m | __tests__/unit/components/admin/status-modifier-dialog.test.tsx[2m > [22m[2mStatusModifierDialog[2m > [22m[2mg├¿re les erreurs de l'action
[22m[39mThe current testing environment is not configured to support act(...)
The current testing environment is not configured to support act(...)

[90mstderr[2m | __tests__/unit/components/admin/status-modifier-dialog.test.tsx[2m > [22m[2mStatusModifierDialog[2m > [22m[2mg├¿re les erreurs inattendues
[22m[39mThe current testing environment is not configured to support act(...)
The current testing environment is not configured to support act(...)

 [31mÔØ»[39m __tests__/unit/components/admin/status-modifier-dialog.test.tsx [2m([22m[2m18 tests[22m[2m | [22m[31m1 failed[39m[2m)[22m[33m 2511[2mms[22m[39m
   [32mÔ£ô[39m StatusModifierDialog[2m > [22mne rend rien quand isOpen est false[32m 19[2mms[22m[39m
[31m   [31m├ù[31m StatusModifierDialog[2m > [22mrend le dialog quand isOpen est true[39m[32m 30[2mms[22m[39m
[31m     ÔåÆ Found multiple elements with the text: Modifier le statut

Here are the matching elements:

Ignored nodes: comments, script, style
[36m<h2[31m
  [33mdata-testid[31m=[32m"dialog-title"[31m
[36m>[31m
  [0mModifier le statut[0m
[36m</h2>[31m

Ignored nodes: comments, script, style
[36m<button[31m
  [33mtype[31m=[32m"submit"[31m
[36m>[31m
  [0mModifier le statut[0m
[36m</button>[31m

(If this is intentional, then use the `*AllBy*` variant of the query (like `queryAllByText`, `getAllByText`, or `findAllByText`)).

Ignored nodes: comments, script, style
[36m<body>[31m
  [36m<div>[31m
    [36m<div[31m
      [33mdata-testid[31m=[32m"dialog"[31m
    [36m>[31m
      [36m<div[31m
        [33mclass[31m=[32m"sm:max-w-[500px]"[31m
        [33mdata-testid[31m=[32m"dialog-content"[31m
      [36m>[31m
        [36m<div[31m
          [33mdata-testid[31m=[32m"dialog-header"[31m
        [36m>[31m
          [36m<h2[31m
            [33mdata-testid[31m=[32m"dialog-title"[31m
          [36m>[31m
            [0mModifier le statut[0m
          [36m</h2>[31m
        [36m</div>[31m
        [36m<form[31m
          [33mclass[31m=[32m"space-y-4"[31m
        [36m>[31m
          [36m<div[31m
            [33mclass[31m=[32m"space-y-2"[31m
          [36m>[31m
            [36m<label[31m
              [33mfor[31m=[32m"status"[31m
            [36m>[31m
              [0mNouveau statut *[0m
            [36m</label>[31m
            [36m<select[31m
              [33mclass[31m=[32m"w-full px-3 py-2 border border-gray-300 rounded-md focus:outline-none focus:ring-2 focus:ring-blue-500"[31m
              [33mid[31m=[32m"status"[31m
            [36m>[31m
              [36m<option[31m
                [33mvalue[31m=[32m""[31m
              [36m>[31m
                [0mS├®lectionner un statut[0m
              [36m</option>[31m
              [36m<option[31m
                [33mvalue[31m=[32m"EN_COURS"[31m
              [36m>[31m
                [0mEn cours[0m
              [36m</option>[31m
              [36m<option[31m
                [33mvalue[31m=[32m"VALIDE"[31m
              [36m>[31m
                [0mValid├®[0m
              [36m</option>[31m
              [36m<option[31m
                [33mvalue[31m=[32m"REJETE"[31m
              [36m>[31m
                [0mRejet├®[0m
              [36m</option>[31m
              [36m<option[31m
                [33mvalue[31m=[32m"ATTENTE_INFO"[31m
              [36m>[31m
                [0mEn attente d'informations[0m
              [36m</option>[31m
            [36m</select>[31m
          [36m</div>[31m
          [36m<div[31m
            [33mclass[31m=[32m"space-y-2"[31m
          [36m>[31m
            [36m<label[31m
              [33mfor[31m=[32m"commentaire"[31m
            [36m>[31m
              [0mCommentaire [0m
            [36m</label>[31m
            [36m<textarea[31m
              [33mclass[31m=[32m"resize-none"[31m
              [33mid[31m=[32m"commentaire"[31m
              [33mplaceholder[31m=[32m"Commentaire facultatif"[31m
              [33mrows[31m=[32m"3"[31m
            [36m/>[31m
          [36m</div>[31m
          [36m<div[31m
            [33mdata-testid[31m=[32m"dialog-footer"[31m
          [36m>[31m
            [36m<button[31m
              [33mdata-variant[31m=[32m"outline"[31m
              [33mtype[31m=[32m"button"[31m
            [36m>[31m
              [0mAnnuler[0m
            [36m</button>[31m
            [36m<button[31m
              [33mtype[31m=[32m"submit"[31m
            [36m>[31m
              [0mModifier le statut[0m
            [36m</button>[31m
          [36m</div>[31m
        [36m</form>[31m
      [36m</div>[31m
    [36m</div>[31m
  [36m</div>[31m
[36m</body>[31m[39m
   [32mÔ£ô[39m StatusModifierDialog[2m > [22maffiche le s├®lecteur de statut avec les options disponibles[32m 47[2mms[22m[39m
   [32mÔ£ô[39m StatusModifierDialog[2m > [22maffiche le champ commentaire[32m 4[2mms[22m[39m
   [32mÔ£ô[39m StatusModifierDialog[2m > [22maffiche le bouton Annuler[32m 8[2mms[22m[39m
   [32mÔ£ô[39m StatusModifierDialog[2m > [22maffiche le bouton de soumission[32m 7[2mms[22m[39m
   [32mÔ£ô[39m StatusModifierDialog[2m > [22maffiche le champ motif de refus quand REJETE est s├®lectionn├®[32m 77[2mms[22m[39m
   [32mÔ£ô[39m StatusModifierDialog[2m > [22mindique le commentaire comme obligatoire quand ATTENTE_INFO est s├®lectionn├®[32m 46[2mms[22m[39m
   [32mÔ£ô[39m StatusModifierDialog[2m > [22mferme le dialog quand on clique sur Annuler[32m 61[2mms[22m[39m
   [32mÔ£ô[39m StatusModifierDialog[2m > [22maffiche une erreur quand aucun statut n'est s├®lectionn├®[32m 62[2mms[22m[39m
   [33m[2mÔ£ô[22m[39m StatusModifierDialog[2m > [22msoumet le formulaire avec succ├¿s [33m 503[2mms[22m[39m
   [33m[2mÔ£ô[22m[39m StatusModifierDialog[2m > [22msoumet avec motif de refus pour le statut REJETE [33m 593[2mms[22m[39m
   [32mÔ£ô[39m StatusModifierDialog[2m > [22mg├¿re les erreurs de l'action[32m 136[2mms[22m[39m
   [32mÔ£ô[39m StatusModifierDialog[2m > [22mg├¿re les erreurs inattendues[32m 145[2mms[22m[39m
   [32mÔ£ô[39m StatusModifierDialog[2m > [22maffiche l'├®tat de chargement pendant la soumission[32m 120[2mms[22m[39m
   [32mÔ£ô[39m StatusModifierDialog[2m > [22memp├¬che la fermeture pendant le chargement[32m 183[2mms[22m[39m
   [33m[2mÔ£ô[22m[39m StatusModifierDialog[2m > [22mr├®initialise le formulaire apr├¿s fermeture [33m 457[2mms[22m[39m
   [32mÔ£ô[39m StatusModifierDialog[2m > [22mtransmet le userRole ├á getAvailableTransitions[32m 9[2mms[22m[39m

[31mÔÄ»ÔÄ»ÔÄ»ÔÄ»ÔÄ»ÔÄ»[39m[1m[41m Failed Suites 5 [49m[22m[31mÔÄ»ÔÄ»ÔÄ»ÔÄ»ÔÄ»ÔÄ»ÔÄ»[39m

[41m[1m FAIL [22m[49m __tests__/integration/api/demandes/route.test.ts[2m [ __tests__/integration/api/demandes/route.test.ts ][22m
[31m[1mError[22m: MONGODB_URI must be defined in environment variables[39m
[36m [2mÔØ»[22m lib/db/mongodb.ts:[2m6:9[22m[39m
    [90m  4| [39m
    [90m  5| [39m[35mif[39m ([33m![39m[33mMONGODB_URI[39m) {
    [90m  6| [39m  throw new Error('MONGODB_URI must be defined in environment variableÔÇª
    [90m   | [39m        [31m^[39m
    [90m  7| [39m}
    [90m  8| [39m
[90m [2mÔØ»[22m app/api/demandes/route.ts:[2m9:1[22m[39m

[31m[2mÔÄ»ÔÄ»ÔÄ»ÔÄ»ÔÄ»ÔÄ»ÔÄ»ÔÄ»ÔÄ»ÔÄ»ÔÄ»ÔÄ»ÔÄ»ÔÄ»ÔÄ»ÔÄ»ÔÄ»ÔÄ»ÔÄ»ÔÄ»ÔÄ»ÔÄ»ÔÄ»[1/12]ÔÄ»[22m[39m

[41m[1m FAIL [22m[49m __tests__/unit/components/demandes/demande-form.test.tsx[2m [ __tests__/unit/components/demandes/demande-form.test.tsx ][22m
[31m[1mReferenceError[22m: cvi is not defined[39m
[36m [2mÔØ»[22m __tests__/unit/components/demandes/demande-form.test.tsx:[2m42:1[22m[39m
    [90m 40| [39m
    [90m 41| [39m[90m// Mock des composants UI de shadcn[39m
    [90m 42| [39mcvi[33m.[39m[34mmock[39m([32m'@/components/ui/form'[39m[33m,[39m () [33m=>[39m ({
    [90m   | [39m[31m^[39m
    [90m 43| [39m  Form: ({ children }: { children: React.ReactNode }) => <form data-teÔÇª
    [90m 44| [39m  FormControl: ({ children }: { children: React.ReactNode }) => <>{chiÔÇª

[31m[2mÔÄ»ÔÄ»ÔÄ»ÔÄ»ÔÄ»ÔÄ»ÔÄ»ÔÄ»ÔÄ»ÔÄ»ÔÄ»ÔÄ»ÔÄ»ÔÄ»ÔÄ»ÔÄ»ÔÄ»ÔÄ»ÔÄ»ÔÄ»ÔÄ»ÔÄ»ÔÄ»[2/12]ÔÄ»[22m[39m

[41m[1m FAIL [22m[49m __tests__/integration/api/admin/students/route.test.ts[2m [ __tests__/integration/api/admin/students/route.test.ts ][22m
[31m[1mError[22m: MONGODB_URI must be defined in environment variables[39m
[36m [2mÔØ»[22m lib/db/mongodb.ts:[2m6:9[22m[39m
    [90m  4| [39m
    [90m  5| [39m[35mif[39m ([33m![39m[33mMONGODB_URI[39m) {
    [90m  6| [39m  throw new Error('MONGODB_URI must be defined in environment variableÔÇª
    [90m   | [39m        [31m^[39m
    [90m  7| [39m}
    [90m  8| [39m
[90m [2mÔØ»[22m app/api/admin/students/route.ts:[2m6:1[22m[39m

[31m[2mÔÄ»ÔÄ»ÔÄ»ÔÄ»ÔÄ»ÔÄ»ÔÄ»ÔÄ»ÔÄ»ÔÄ»ÔÄ»ÔÄ»ÔÄ»ÔÄ»ÔÄ»ÔÄ»ÔÄ»ÔÄ»ÔÄ»ÔÄ»ÔÄ»ÔÄ»ÔÄ»[3/12]ÔÄ»[22m[39m

[41m[1m FAIL [22m[49m __tests__/integration/api/demandes/[id]/route.test.ts[2m [ __tests__/integration/api/demandes/[id]/route.test.ts ][22m
[31m[1mError[22m: MONGODB_URI must be defined in environment variables[39m
[36m [2mÔØ»[22m lib/db/mongodb.ts:[2m6:9[22m[39m
    [90m  4| [39m
    [90m  5| [39m[35mif[39m ([33m![39m[33mMONGODB_URI[39m) {
    [90m  6| [39m  throw new Error('MONGODB_URI must be defined in environment variableÔÇª
    [90m   | [39m        [31m^[39m
    [90m  7| [39m}
    [90m  8| [39m
[90m [2mÔØ»[22m app/api/demandes/[id]/route.ts:[2m5:1[22m[39m

[31m[2mÔÄ»ÔÄ»ÔÄ»ÔÄ»ÔÄ»ÔÄ»ÔÄ»ÔÄ»ÔÄ»ÔÄ»ÔÄ»ÔÄ»ÔÄ»ÔÄ»ÔÄ»ÔÄ»ÔÄ»ÔÄ»ÔÄ»ÔÄ»ÔÄ»ÔÄ»ÔÄ»[4/12]ÔÄ»[22m[39m

[41m[1m FAIL [22m[49m __tests__/integration/api/demandes/[id]/transition/route.test.ts[2m [ __tests__/integration/api/demandes/[id]/transition/route.test.ts ][22m
[31m[1mError[22m: MONGODB_URI must be defined in environment variables[39m
[36m [2mÔØ»[22m lib/db/mongodb.ts:[2m6:9[22m[39m
    [90m  4| [39m
    [90m  5| [39m[35mif[39m ([33m![39m[33mMONGODB_URI[39m) {
    [90m  6| [39m  throw new Error('MONGODB_URI must be defined in environment variableÔÇª
    [90m   | [39m        [31m^[39m
    [90m  7| [39m}
    [90m  8| [39m
[90m [2mÔØ»[22m app/api/demandes/[id]/transition/route.ts:[2m6:1[22m[39m

[31m[2mÔÄ»ÔÄ»ÔÄ»ÔÄ»ÔÄ»ÔÄ»ÔÄ»ÔÄ»ÔÄ»ÔÄ»ÔÄ»ÔÄ»ÔÄ»ÔÄ»ÔÄ»ÔÄ»ÔÄ»ÔÄ»ÔÄ»ÔÄ»ÔÄ»ÔÄ»ÔÄ»[5/12]ÔÄ»[22m[39m


[31mÔÄ»ÔÄ»ÔÄ»ÔÄ»ÔÄ»ÔÄ»ÔÄ»[39m[1m[41m Failed Tests 7 [49m[22m[31mÔÄ»ÔÄ»ÔÄ»ÔÄ»ÔÄ»ÔÄ»ÔÄ»[39m

[41m[1m FAIL [22m[49m __tests__/unit/lib/utils.test.ts[2m > [22mcn (classname utility)[2m > [22mfusionne les classes simples
[31m[1mAssertionError[22m: expected 'class1 class2' to be 'class2' // Object.is equality[39m

Expected: [32m"class2"[39m
Received: [31m"[7mclass1 [27mclass2"[39m

[36m [2mÔØ»[22m __tests__/unit/lib/utils.test.ts:[2m7:20[22m[39m
    [90m  5| [39m  [34mit[39m([32m'fusionne les classes simples'[39m[33m,[39m () [33m=>[39m {
    [90m  6| [39m    [35mconst[39m result [33m=[39m [34mcn[39m([32m'class1'[39m[33m,[39m [32m'class2'[39m)[33m;[39m
    [90m  7| [39m    [34mexpect[39m(result)[33m.[39m[34mtoBe[39m([32m'class2'[39m)[33m;[39m [90m// tailwind-merge garde la derni├¿re[39m
    [90m   | [39m                   [31m^[39m
    [90m  8| [39m  })[33m;[39m
    [90m  9| [39m

[31m[2mÔÄ»ÔÄ»ÔÄ»ÔÄ»ÔÄ»ÔÄ»ÔÄ»ÔÄ»ÔÄ»ÔÄ»ÔÄ»ÔÄ»ÔÄ»ÔÄ»ÔÄ»ÔÄ»ÔÄ»ÔÄ»ÔÄ»ÔÄ»ÔÄ»ÔÄ»ÔÄ»[6/12]ÔÄ»[22m[39m

[41m[1m FAIL [22m[49m __tests__/unit/components/admin/demandes-table.test.tsx[2m > [22mDemandesTable[2m > [22maffiche toutes les demandes dans le tableau
[31m[1mTestingLibraryElementError[22m[39m: Found multiple elements with the text: Relev├® de notes

Here are the matching elements:

Ignored nodes: comments, script, style
[36m<span[39m
  [33mclass[39m=[32m"text-sm"[39m
[36m>[39m
  [0mRelev├® de notes[0m
[36m</span>[39m

Ignored nodes: comments, script, style
[36m<span[39m
  [33mclass[39m=[32m"text-sm truncate block"[39m
  [33mtitle[39m=[32m"Relev├® de notes"[39m
[36m>[39m
  [0mRelev├® de notes[0m
[36m</span>[39m

(If this is intentional, then use the `*AllBy*` variant of the query (like `queryAllByText`, `getAllByText`, or `findAllByText`)).

Ignored nodes: comments, script, style
[36m<body>[39m
  [36m<div>[39m
    [36m<div[39m
      [33mclass[39m=[32m"border rounded-lg overflow-hidden"[39m
    [36m>[39m
      [36m<table[39m
        [33mdata-testid[39m=[32m"table"[39m
      [36m>[39m
        [36m<thead>[39m
          [36m<tr>[39m
            [36m<th>[39m
              [0mNum├®ro[0m
            [36m</th>[39m
            [36m<th>[39m
              [0m├ëtudiant[0m
            [36m</th>[39m
            [36m<th>[39m
              [0mType[0m
            [36m</th>[39m
            [36m<th>[39m
              [0mObjet[0m
            [36m</th>[39m
            [36m<th>[39m
              [0mStatut[0m
            [36m</th>[39m
            [36m<th>[39m
              [0mPriorit├®[0m
            [36m</th>[39m
            [36m<th>[39m
              [0mDate[0m
            [36m</th>[39m
            [36m<th>[39m
              [0mActions[0m
            [36m</th>[39m
          [36m</tr>[39m
        [36m</thead>[39m
        [36m<tbody>[39m
          [36m<tr>[39m
            [36m<td[39m
              [33mclass[39m=[32m"font-medium"[39m
            [36m>[39m
              [0mDEM-2026-000001[0m
            [36m</td>[39m
            [36m<td>[39m
              [36m<div>[39m
                [36m<div[39m
                  [33mclass[39m=[32m"font-medium"[39m
                [36m>[39m
                  [0mJohn[0m
                  [0m [0m
                  [0mDoe[0m
                [36m</div>[39m
                [36m<div[39m
                  [33mclass[39m=[32m"text-xs text-gray-500"[39m
                [36m>[39m
                  [0mETU001[0m
                [36m</div>[39m
              [36m</div>[39m
            [36m</td>[39m
            [36m<td[39m
              [33mclass[39m=[32m"max-w-[150px]"[39m
            [36m>[39m
              [36m<span[39m
                [33mclass[39m=[32m"text-sm"[39m
              [36m>[39m
                [0mAttestation de scolarit├®[0m
              [36m</span>[39m
            [36m</td>[39m
            [36m<td[39m
              [33mclass[39m=[32m"max-w-[200px]"[39m
            [36m>[39m
              [36m<span[39m
                [33mclass[39m=[32m"text-sm truncate block"[39m
                [33mtitle[39m=[32m"Demande attestations"[39m
              [36m>[39m
                [0mDemande attestations[0m
              [36m</span>[39m
            [36m</td>[39m
            [36m<td>[39m
              [36m<span[39m
                [33mdata-testid[39m=[32m"badge"[39m
                [33mstyle[39m=[32m"background-color: rgb(107, 114, 128);"[39m
              [36m>[39m
                [0mSoumis[0m
              [36m</span>[39m
            [36m</td>[39m
            [36m<td>[39m
              [36m<span[39m
                [33mclass[39m=[32m"text-xs px-2 py-1 rounded bg-blue-100 text-blue-800"[39m
              [36m>[39m
                [0mNORMALE[0m
              [36m</span>[39m
            [36m</td>[39m
            [36m<td>[39m
              [0m15/01/2026[0m
            [36m</td>[39m
            [36m<td[39m
              [33mclass[39m=[32m"text-right"[39m
            [36m>[39m
              [36m<div[39m
                [33mclass[39m=[32m"flex gap-2 justify-end"[39m
              [36m>[39m
                [36m<button[39m
                  [33mdata-size[39m=[32m"sm"[39m
                  [33mdata-variant[39m=[32m"outline"[39m
                [36m>[39m
                  [0mVoir[0m
                [36m</button>[39m
                [36m<button[39m
                  [33mdata-size[39m=[32m"sm"[39m
                [36m>[39m
                  [0mModifier[0m
                [36m</button>[39m
              [36m</div>[39m
            [36m</td>[39m
          [36m</tr>[39m
          [36m<tr>[39m
            [36m<td[39m
              [33mclass[39m=[32m"font-medium"[39m
            [36m>[39m
              [0mDEM-2026-000002[0m
            [36m</td>[39m
            [36m<td>[39m
              [36m<div>[39m
                [36m<div[39m
                  [33mclass[39m=[32m"font-medium"[39m
                [36m>[39m
                  [0mJane[0m
                  [0m [0m
                  [0mSmith[0m
                [36m</div>[39m
                [36m<div[39m
                  [33mclass[39m=[32m"text-xs text-gray-500"[39m
                [36m>[39m
                  [0mETU002[0m
                [36m</div>[39m
              [36m</div>[39m
            [36m</td>[39m
            [36m<td[39m
              [33mclass[39m=[32m"max-w-[150px]"[39m
            [36m>[39m
              [36m<span[39m
                [33mclass[39m=[32m"text-sm"[39m
              [36m>[39m
                [0mConvention de stage[0m
              [36m</span>[39m
            [36m</td>[39m
            [36m<td[39m
              [33mclass[39m=[32m"max-w-[200px]"[39m
            [36m>[39m
              [36m<span[39m
                [33mclass[39m=[32m"text-sm truncate block"[39m
                [33mtitle[39m=[32m"Convention de stage urgent"[39m
              [36m>[39m
                [0mConvention de stage urgent[0m
              [36m</span>[39m
            [36m</td>[39m
            [36m<td>[39m
              [36m<span[39m
                [33mdata-testid[39m=[32m"badge"[39m
                [33mstyle[39m=[32m"background-color: rgb(245, 158, 11);"[39m
              [36m>[39m
                [0mEn cours[0m
              [36m</span>[39m
            [36m</td>[39m
            [36m<td>[39m
              [36m<span[39m
                [33mclass[39m=[32m"text-xs px-2 py-1 rounded bg-red-100 text-red-800"[39m
              [36m>[39m
                [0mURGENTE[0m
              [36m</span>[39m
            [36m</td>[39m
            [36m<td>[39m
              [0m14/01/2026[0m
            [36m</td>[39m
            [36m<td[39m
              [33mclass[39m=[32m"text-right"[39m
            [36m>[39m
              [36m<div[39m
                [33mclass[39m=[32m"flex gap-2 justify-end"[39m
              [36m>[39m
                [36m<button[39m
                  [33mdata-size[39m=[32m"sm"[39m
                  [33mdata-variant[39m=[32m"outline"[39m
                [36m>[39m
                  [0mVoir[0m
                [36m</button>[39m
                [36m<button[39m
                  [33mdata-size[39m=[32m"sm"[39m
                [36m>[39m
                  [0mModifier[0m
                [36m</button>[39m
              [36m</div>[39m
            [36m</td>[39m
          [36m</tr>[39m
          [36m<tr>[39m
            [36m<td[39m
              [33mclass[39m=[32m"font-medium"[39m
            [36m>[39m
              [0mDEM-2026-000003[0m
            [36m</td>[39m
            [36m<td>[39m
              [36m<div>[39m
                [36m<div[39m
                  [33mclass[39m=[32m"font-medium"[39m
                [36m>[39m
                  [0mPierre[0m
                  [0m [0m
                  [0mMartin[0m
                [36m</div>[39m
                [36m<div[39m
                  [33mclass[39m=[32m"text-xs text-gray-500"[39m
                [36m>[39m
                  [0mETU003[0m
                [36m</div>[39m
              [36m</div>[39m
            [36m</td>[39m
            [36m<td[39m
              [33mclass[39m=[32m"max-w-[150px]"[39m
            [36m>[39m
              [36m<span[39m
                [33mclass[39m=[32m"text-sm"[39m
              [36m>[39m
                [0mRelev├® de notes[0m
              [36m</span>[39m
            [36m</td>[39m
            [36m<td[39m
              [33mclass[39m=[32m"max-w-[200px]"[39m
            [36m>[39m
              [36m<span[39m
                [33mclass[39m=[32m"text-sm truncate block"[39m
                [33mtitle[39m=[32m"Relev├® de notes"[39m
              [36m>[39m
                [0mRelev├® de notes[0m
              [36m</span>[39m
            [36m</td>[39m
            [36m<td>[39m
              [36m<span[39m
                [33mdata-testid[39m=[32m"badge"[39m
                [33mstyle[39m=[32m"background-color: rgb(16, 185, 129);"[39m
              [36m>[39m
                [0mValid├®[0m
              [36m</span>[39m
            [36m</td>[39m
            [36m<td>[39m
              [36m<span[39m
                [33mclass[39m=[32m"text-xs px-2 py-1 rounded bg-gray-100 text-gray-800"[39m
              [36m>[39m
                [0mBASSE[0m
              [36m</span>[39m
            [36m</td>[39m
            [36m<td>[39m
              [0m10/01/2026[0m
            [36m</td>[39m
            [36m<td[39m
              [33mclass[39m=[32m"text-right"[39m
            [36m>[39m
              [36m<div[39m
                [33mclass[39m=[32m"flex gap-2 justify-end"[39m
              [36m>[39m
                [36m<button[39m
                  [33mdata-size[39m=[32m"sm"[39m
                  [33mdata-variant[39m=[32m"outline"[39m
                [36m>[39m
                  [0mVoir[0m
                [36m</button>[39m
                [36m<button[39m
                  [33mdata-size[39m=[32m"sm"[39m
                [36m>[39m
                  [0mModifier[0m
                [36m</button>[39m
              [36m</div>[39m
            [36m</td>[39m
          [36m</tr>[39m
        [36m</tbody>[39m
      [36m</table>[39m
    [36m</div>[39m
  [36m</div>[39m
[36m</body>[39m
[90m [2mÔØ»[22m Object.getElementError node_modules/@testing-library/dom/dist/config.js:[2m37:19[22m[39m
[90m [2mÔØ»[22m getElementError node_modules/@testing-library/dom/dist/query-helpers.js:[2m20:35[22m[39m
[90m [2mÔØ»[22m getMultipleElementsFoundError node_modules/@testing-library/dom/dist/query-helpers.js:[2m23:10[22m[39m
[90m [2mÔØ»[22m node_modules/@testing-library/dom/dist/query-helpers.js:[2m55:13[22m[39m
[90m [2mÔØ»[22m node_modules/@testing-library/dom/dist/query-helpers.js:[2m95:19[22m[39m
[36m [2mÔØ»[22m __tests__/unit/components/admin/demandes-table.test.tsx:[2m125:19[22m[39m
    [90m123| [39m    expect(screen.getByText('Demande attestations')).toBeInTheDocumentÔÇª
    [90m124| [39m    expect(screen.getByText('Convention de stage urgent')).toBeInTheDoÔÇª
    [90m125| [39m    [34mexpect[39m(screen[33m.[39m[34mgetByText[39m([32m'Relev├® de notes'[39m))[33m.[39m[34mtoBeInTheDocument[39m()[33m;[39m
    [90m   | [39m                  [31m^[39m
    [90m126| [39m  })[33m;[39m
    [90m127| [39m

[31m[2mÔÄ»ÔÄ»ÔÄ»ÔÄ»ÔÄ»ÔÄ»ÔÄ»ÔÄ»ÔÄ»ÔÄ»ÔÄ»ÔÄ»ÔÄ»ÔÄ»ÔÄ»ÔÄ»ÔÄ»ÔÄ»ÔÄ»ÔÄ»ÔÄ»ÔÄ»ÔÄ»[7/12]ÔÄ»[22m[39m

[41m[1m FAIL [22m[49m __tests__/unit/components/admin/demandes-table.test.tsx[2m > [22mDemandesTable[2m > [22maffiche les types de demande
[31m[1mTestingLibraryElementError[22m[39m: Found multiple elements with the text: Relev├® de notes

Here are the matching elements:

Ignored nodes: comments, script, style
[36m<span[39m
  [33mclass[39m=[32m"text-sm"[39m
[36m>[39m
  [0mRelev├® de notes[0m
[36m</span>[39m

Ignored nodes: comments, script, style
[36m<span[39m
  [33mclass[39m=[32m"text-sm truncate block"[39m
  [33mtitle[39m=[32m"Relev├® de notes"[39m
[36m>[39m
  [0mRelev├® de notes[0m
[36m</span>[39m

(If this is intentional, then use the `*AllBy*` variant of the query (like `queryAllByText`, `getAllByText`, or `findAllByText`)).

Ignored nodes: comments, script, style
[36m<body>[39m
  [36m<div>[39m
    [36m<div[39m
      [33mclass[39m=[32m"border rounded-lg overflow-hidden"[39m
    [36m>[39m
      [36m<table[39m
        [33mdata-testid[39m=[32m"table"[39m
      [36m>[39m
        [36m<thead>[39m
          [36m<tr>[39m
            [36m<th>[39m
              [0mNum├®ro[0m
            [36m</th>[39m
            [36m<th>[39m
              [0m├ëtudiant[0m
            [36m</th>[39m
            [36m<th>[39m
              [0mType[0m
            [36m</th>[39m
            [36m<th>[39m
              [0mObjet[0m
            [36m</th>[39m
            [36m<th>[39m
              [0mStatut[0m
            [36m</th>[39m
            [36m<th>[39m
              [0mPriorit├®[0m
            [36m</th>[39m
            [36m<th>[39m
              [0mDate[0m
            [36m</th>[39m
            [36m<th>[39m
              [0mActions[0m
            [36m</th>[39m
          [36m</tr>[39m
        [36m</thead>[39m
        [36m<tbody>[39m
          [36m<tr>[39m
            [36m<td[39m
              [33mclass[39m=[32m"font-medium"[39m
            [36m>[39m
              [0mDEM-2026-000001[0m
            [36m</td>[39m
            [36m<td>[39m
              [36m<div>[39m
                [36m<div[39m
                  [33mclass[39m=[32m"font-medium"[39m
                [36m>[39m
                  [0mJohn[0m
                  [0m [0m
                  [0mDoe[0m
                [36m</div>[39m
                [36m<div[39m
                  [33mclass[39m=[32m"text-xs text-gray-500"[39m
                [36m>[39m
                  [0mETU001[0m
                [36m</div>[39m
              [36m</div>[39m
            [36m</td>[39m
            [36m<td[39m
              [33mclass[39m=[32m"max-w-[150px]"[39m
            [36m>[39m
              [36m<span[39m
                [33mclass[39m=[32m"text-sm"[39m
              [36m>[39m
                [0mAttestation de scolarit├®[0m
              [36m</span>[39m
            [36m</td>[39m
            [36m<td[39m
              [33mclass[39m=[32m"max-w-[200px]"[39m
            [36m>[39m
              [36m<span[39m
                [33mclass[39m=[32m"text-sm truncate block"[39m
                [33mtitle[39m=[32m"Demande attestations"[39m
              [36m>[39m
                [0mDemande attestations[0m
              [36m</span>[39m
            [36m</td>[39m
            [36m<td>[39m
              [36m<span[39m
                [33mdata-testid[39m=[32m"badge"[39m
                [33mstyle[39m=[32m"background-color: rgb(107, 114, 128);"[39m
              [36m>[39m
                [0mSoumis[0m
              [36m</span>[39m
            [36m</td>[39m
            [36m<td>[39m
              [36m<span[39m
                [33mclass[39m=[32m"text-xs px-2 py-1 rounded bg-blue-100 text-blue-800"[39m
              [36m>[39m
                [0mNORMALE[0m
              [36m</span>[39m
            [36m</td>[39m
            [36m<td>[39m
              [0m15/01/2026[0m
            [36m</td>[39m
            [36m<td[39m
              [33mclass[39m=[32m"text-right"[39m
            [36m>[39m
              [36m<div[39m
                [33mclass[39m=[32m"flex gap-2 justify-end"[39m
              [36m>[39m
                [36m<button[39m
                  [33mdata-size[39m=[32m"sm"[39m
                  [33mdata-variant[39m=[32m"outline"[39m
                [36m>[39m
                  [0mVoir[0m
                [36m</button>[39m
                [36m<button[39m
                  [33mdata-size[39m=[32m"sm"[39m
                [36m>[39m
                  [0mModifier[0m
                [36m</button>[39m
              [36m</div>[39m
            [36m</td>[39m
          [36m</tr>[39m
          [36m<tr>[39m
            [36m<td[39m
              [33mclass[39m=[32m"font-medium"[39m
            [36m>[39m
              [0mDEM-2026-000002[0m
            [36m</td>[39m
            [36m<td>[39m
              [36m<div>[39m
                [36m<div[39m
                  [33mclass[39m=[32m"font-medium"[39m
                [36m>[39m
                  [0mJane[0m
                  [0m [0m
                  [0mSmith[0m
                [36m</div>[39m
                [36m<div[39m
                  [33mclass[39m=[32m"text-xs text-gray-500"[39m
                [36m>[39m
                  [0mETU002[0m
                [36m</div>[39m
              [36m</div>[39m
            [36m</td>[39m
            [36m<td[39m
              [33mclass[39m=[32m"max-w-[150px]"[39m
            [36m>[39m
              [36m<span[39m
                [33mclass[39m=[32m"text-sm"[39m
              [36m>[39m
                [0mConvention de stage[0m
              [36m</span>[39m
            [36m</td>[39m
            [36m<td[39m
              [33mclass[39m=[32m"max-w-[200px]"[39m
            [36m>[39m
              [36m<span[39m
                [33mclass[39m=[32m"text-sm truncate block"[39m
                [33mtitle[39m=[32m"Convention de stage urgent"[39m
              [36m>[39m
                [0mConvention de stage urgent[0m
              [36m</span>[39m
            [36m</td>[39m
            [36m<td>[39m
              [36m<span[39m
                [33mdata-testid[39m=[32m"badge"[39m
                [33mstyle[39m=[32m"background-color: rgb(245, 158, 11);"[39m
              [36m>[39m
                [0mEn cours[0m
              [36m</span>[39m
            [36m</td>[39m
            [36m<td>[39m
              [36m<span[39m
                [33mclass[39m=[32m"text-xs px-2 py-1 rounded bg-red-100 text-red-800"[39m
              [36m>[39m
                [0mURGENTE[0m
              [36m</span>[39m
            [36m</td>[39m
            [36m<td>[39m
              [0m14/01/2026[0m
            [36m</td>[39m
            [36m<td[39m
              [33mclass[39m=[32m"text-right"[39m
            [36m>[39m
              [36m<div[39m
                [33mclass[39m=[32m"flex gap-2 justify-end"[39m
              [36m>[39m
                [36m<button[39m
                  [33mdata-size[39m=[32m"sm"[39m
                  [33mdata-variant[39m=[32m"outline"[39m
                [36m>[39m
                  [0mVoir[0m
                [36m</button>[39m
                [36m<button[39m
                  [33mdata-size[39m=[32m"sm"[39m
                [36m>[39m
                  [0mModifier[0m
                [36m</button>[39m
              [36m</div>[39m
            [36m</td>[39m
          [36m</tr>[39m
          [36m<tr>[39m
            [36m<td[39m
              [33mclass[39m=[32m"font-medium"[39m
            [36m>[39m
              [0mDEM-2026-000003[0m
            [36m</td>[39m
            [36m<td>[39m
              [36m<div>[39m
                [36m<div[39m
                  [33mclass[39m=[32m"font-medium"[39m
                [36m>[39m
                  [0mPierre[0m
                  [0m [0m
                  [0mMartin[0m
                [36m</div>[39m
                [36m<div[39m
                  [33mclass[39m=[32m"text-xs text-gray-500"[39m
                [36m>[39m
                  [0mETU003[0m
                [36m</div>[39m
              [36m</div>[39m
            [36m</td>[39m
            [36m<td[39m
              [33mclass[39m=[32m"max-w-[150px]"[39m
            [36m>[39m
              [36m<span[39m
                [33mclass[39m=[32m"text-sm"[39m
              [36m>[39m
                [0mRelev├® de notes[0m
              [36m</span>[39m
            [36m</td>[39m
            [36m<td[39m
              [33mclass[39m=[32m"max-w-[200px]"[39m
            [36m>[39m
              [36m<span[39m
                [33mclass[39m=[32m"text-sm truncate block"[39m
                [33mtitle[39m=[32m"Relev├® de notes"[39m
              [36m>[39m
                [0mRelev├® de notes[0m
              [36m</span>[39m
            [36m</td>[39m
            [36m<td>[39m
              [36m<span[39m
                [33mdata-testid[39m=[32m"badge"[39m
                [33mstyle[39m=[32m"background-color: rgb(16, 185, 129);"[39m
              [36m>[39m
                [0mValid├®[0m
              [36m</span>[39m
            [36m</td>[39m
            [36m<td>[39m
              [36m<span[39m
                [33mclass[39m=[32m"text-xs px-2 py-1 rounded bg-gray-100 text-gray-800"[39m
              [36m>[39m
                [0mBASSE[0m
              [36m</span>[39m
            [36m</td>[39m
            [36m<td>[39m
              [0m10/01/2026[0m
            [36m</td>[39m
            [36m<td[39m
              [33mclass[39m=[32m"text-right"[39m
            [36m>[39m
              [36m<div[39m
                [33mclass[39m=[32m"flex gap-2 justify-end"[39m
              [36m>[39m
                [36m<button[39m
                  [33mdata-size[39m=[32m"sm"[39m
                  [33mdata-variant[39m=[32m"outline"[39m
                [36m>[39m
                  [0mVoir[0m
                [36m</button>[39m
                [36m<button[39m
                  [33mdata-size[39m=[32m"sm"[39m
                [36m>[39m
                  [0mModifier[0m
                [36m</button>[39m
              [36m</div>[39m
            [36m</td>[39m
          [36m</tr>[39m
        [36m</tbody>[39m
      [36m</table>[39m
    [36m</div>[39m
  [36m</div>[39m
[36m</body>[39m
[90m [2mÔØ»[22m Object.getElementError node_modules/@testing-library/dom/dist/config.js:[2m37:19[22m[39m
[90m [2mÔØ»[22m getElementError node_modules/@testing-library/dom/dist/query-helpers.js:[2m20:35[22m[39m
[90m [2mÔØ»[22m getMultipleElementsFoundError node_modules/@testing-library/dom/dist/query-helpers.js:[2m23:10[22m[39m
[90m [2mÔØ»[22m node_modules/@testing-library/dom/dist/query-helpers.js:[2m55:13[22m[39m
[90m [2mÔØ»[22m node_modules/@testing-library/dom/dist/query-helpers.js:[2m95:19[22m[39m
[36m [2mÔØ»[22m __tests__/unit/components/admin/demandes-table.test.tsx:[2m146:19[22m[39m
    [90m144| [39m    expect(screen.getByText('Attestation de scolarit├®')).toBeInTheDocuÔÇª
    [90m145| [39m    expect(screen.getByText('Convention de stage')).toBeInTheDocument(ÔÇª
    [90m146| [39m    [34mexpect[39m(screen[33m.[39m[34mgetByText[39m([32m'Relev├® de notes'[39m))[33m.[39m[34mtoBeInTheDocument[39m()[33m;[39m
    [90m   | [39m                  [31m^[39m
    [90m147| [39m  })[33m;[39m
    [90m148| [39m

[31m[2mÔÄ»ÔÄ»ÔÄ»ÔÄ»ÔÄ»ÔÄ»ÔÄ»ÔÄ»ÔÄ»ÔÄ»ÔÄ»ÔÄ»ÔÄ»ÔÄ»ÔÄ»ÔÄ»ÔÄ»ÔÄ»ÔÄ»ÔÄ»ÔÄ»ÔÄ»ÔÄ»[8/12]ÔÄ»[22m[39m

[41m[1m FAIL [22m[49m __tests__/unit/components/admin/status-modifier-dialog.test.tsx[2m > [22mStatusModifierDialog[2m > [22mrend le dialog quand isOpen est true
[31m[1mTestingLibraryElementError[22m: Found multiple elements with the text: Modifier le statut

Here are the matching elements:

Ignored nodes: comments, script, style
[36m<h2[31m
  [33mdata-testid[31m=[32m"dialog-title"[31m
[36m>[31m
  [0mModifier le statut[0m
[36m</h2>[31m

Ignored nodes: comments, script, style
[36m<button[31m
  [33mtype[31m=[32m"submit"[31m
[36m>[31m
  [0mModifier le statut[0m
[36m</button>[31m

(If this is intentional, then use the `*AllBy*` variant of the query (like `queryAllByText`, `getAllByText`, or `findAllByText`)).

Ignored nodes: comments, script, style
[36m<body>[31m
  [36m<div>[31m
    [36m<div[31m
      [33mdata-testid[31m=[32m"dialog"[31m
    [36m>[31m
      [36m<div[31m
        [33mclass[31m=[32m"sm:max-w-[500px]"[31m
        [33mdata-testid[31m=[32m"dialog-content"[31m
      [36m>[31m
        [36m<div[31m
          [33mdata-testid[31m=[32m"dialog-header"[31m
        [36m>[31m
          [36m<h2[31m
            [33mdata-testid[31m=[32m"dialog-title"[31m
          [36m>[31m
            [0mModifier le statut[0m
          [36m</h2>[31m
        [36m</div>[31m
        [36m<form[31m
          [33mclass[31m=[32m"space-y-4"[31m
        [36m>[31m
          [36m<div[31m
            [33mclass[31m=[32m"space-y-2"[31m
          [36m>[31m
            [36m<label[31m
              [33mfor[31m=[32m"status"[31m
            [36m>[31m
              [0mNouveau statut *[0m
            [36m</label>[31m
            [36m<select[31m
              [33mclass[31m=[32m"w-full px-3 py-2 border border-gray-300 rounded-md focus:outline-none focus:ring-2 focus:ring-blue-500"[31m
              [33mid[31m=[32m"status"[31m
            [36m>[31m
              [36m<option[31m
                [33mvalue[31m=[32m""[31m
              [36m>[31m
                [0mS├®lectionner un statut[0m
              [36m</option>[31m
              [36m<option[31m
                [33mvalue[31m=[32m"EN_COURS"[31m
              [36m>[31m
                [0mEn cours[0m
              [36m</option>[31m
              [36m<option[31m
                [33mvalue[31m=[32m"VALIDE"[31m
              [36m>[31m
                [0mValid├®[0m
              [36m</option>[31m
              [36m<option[31m
                [33mvalue[31m=[32m"REJETE"[31m
              [36m>[31m
                [0mRejet├®[0m
              [36m</option>[31m
              [36m<option[31m
                [33mvalue[31m=[32m"ATTENTE_INFO"[31m
              [36m>[31m
                [0mEn attente d'informations[0m
              [36m</option>[31m
            [36m</select>[31m
          [36m</div>[31m
          [36m<div[31m
            [33mclass[31m=[32m"space-y-2"[31m
          [36m>[31m
            [36m<label[31m
              [33mfor[31m=[32m"commentaire"[31m
            [36m>[31m
              [0mCommentaire [0m
            [36m</label>[31m
            [36m<textarea[31m
              [33mclass[31m=[32m"resize-none"[31m
              [33mid[31m=[32m"commentaire"[31m
              [33mplaceholder[31m=[32m"Commentaire facultatif"[31m
              [33mrows[31m=[32m"3"[31m
            [36m/>[31m
          [36m</div>[31m
          [36m<div[31m
            [33mdata-testid[31m=[32m"dialog-footer"[31m
          [36m>[31m
            [36m<button[31m
              [33mdata-variant[31m=[32m"outline"[31m
              [33mtype[31m=[32m"button"[31m
            [36m>[31m
              [0mAnnuler[0m
            [36m</button>[31m
            [36m<button[31m
              [33mtype[31m=[32m"submit"[31m
            [36m>[31m
              [0mModifier le statut[0m
            [36m</button>[31m
          [36m</div>[31m
        [36m</form>[31m
      [36m</div>[31m
    [36m</div>[31m
  [36m</div>[31m
[36m</body>[31m[39m
[90m [2mÔØ»[22m Object.getElementError node_modules/@testing-library/dom/dist/config.js:[2m37:19[22m[39m
[90m [2mÔØ»[22m getElementError node_modules/@testing-library/dom/dist/query-helpers.js:[2m20:35[22m[39m
[90m [2mÔØ»[22m getMultipleElementsFoundError node_modules/@testing-library/dom/dist/query-helpers.js:[2m23:10[22m[39m
[90m [2mÔØ»[22m node_modules/@testing-library/dom/dist/query-helpers.js:[2m55:13[22m[39m
[90m [2mÔØ»[22m node_modules/@testing-library/dom/dist/query-helpers.js:[2m95:19[22m[39m
[36m [2mÔØ»[22m __tests__/unit/components/admin/status-modifier-dialog.test.tsx:[2m145:19[22m[39m
    [90m143| [39m
    [90m144| [39m    [34mexpect[39m(screen[33m.[39m[34mgetByTestId[39m([32m'dialog'[39m))[33m.[39m[34mtoBeInTheDocument[39m()[33m;[39m
    [90m145| [39m    [34mexpect[39m(screen[33m.[39m[34mgetByText[39m([32m'Modifier le statut'[39m))[33m.[39m[34mtoBeInTheDocument[39m()[33m;[39m
    [90m   | [39m                  [31m^[39m
    [90m146| [39m  })[33m;[39m
    [90m147| [39m

[31m[2mÔÄ»ÔÄ»ÔÄ»ÔÄ»ÔÄ»ÔÄ»ÔÄ»ÔÄ»ÔÄ»ÔÄ»ÔÄ»ÔÄ»ÔÄ»ÔÄ»ÔÄ»ÔÄ»ÔÄ»ÔÄ»ÔÄ»ÔÄ»ÔÄ»ÔÄ»ÔÄ»[9/12]ÔÄ»[22m[39m

[41m[1m FAIL [22m[49m __tests__/unit/components/demandes/demande-card.test.tsx[2m > [22mDemandeCard[2m > [22mtronque la description si elle est trop longue
[31m[1mTestingLibraryElementError[22m: Found multiple elements with the text: /A+/

Here are the matching elements:

Ignored nodes: comments, script, style
[36m<p[31m
  [33mclass[31m=[32m"mt-2 text-sm text-gray-700 line-clamp-2"[31m
[36m>[31m
  [0mAAAAAAAAAAAAAAAAAAAAAAAAAAAAAAAAAAAAAAAAAAAAAAAAAAAAAAAAAAAAAAAAAAAAAAAAAAAAAAAAAAAAAAAAAAAAAAAAAAAAAAAAAAAAAAAAAAAAAAAAAAAAAAAAAAAAAAAAAAAAAAAAAAAAAAAAAAAAAAAAAAAAAAAAAAAA
AAAAAAAAAAAAAAAAAAAAAAAAAAAA[0m
[36m</p>[31m

Ignored nodes: comments, script, style
[36m<span[31m
  [33mclass[31m=[32m"font-medium"[31m
[36m>[31m
  [0mAttestation de scolarit├®[0m
[36m</span>[31m

(If this is intentional, then use the `*AllBy*` variant of the query (like `queryAllByText`, `getAllByText`, or `findAllByText`)).

Ignored nodes: comments, script, style
[36m<body>[31m
  [36m<div>[31m
    [36m<div[31m
      [33mclass[31m=[32m"p-4 cursor-pointer hover:shadow-md transition-shadow"[31m
      [33mdata-testid[31m=[32m"card"[31m
    [36m>[31m

[2m Test Files [22m [1m[31m11 failed[39m[22m[2m | [22m[1m[32m4 passed[39m[22m[90m (15)[39m
[2m      Tests [22m [1m[31m7 failed[39m[22m[2m | [22m[1m[32m273 passed[39m[22m[90m (280)[39m
[2m   Start at [22m 12:34:31
[2m   Duration [22m 4.64s[2m (transform 1.70s, setup 5.99s, collect 3.31s, tests 4.90s, environment 12.73s, prepare 2.84s)[22m

      [36m<div[31m
        [33mclass[31m=[32m"flex justify-between items-start"[31m
      [36m>[31m
        [36m<div[31m
          [33mclass[31m=[32m"flex-1"[31m
        [36m>[31m
          [36m<h3[31m
            [33mclass[31m=[32m"text-lg font-semibold text-gray-900"[31m
          [36m>[31m
            [0mDemande de test[0m
          [36m</h3>[31m
          [36m<p[31m
            [33mclass[31m=[32m"text-sm text-gray-600"[31m
          [36m>[31m
            [0mDEM-2026-000001[0m
          [36m</p>[31m
        [36m</div>[31m
        [36m<span[31m
          [33mdata-testid[31m=[32m"badge"[31m
          [33mstyle[31m=[32m"background-color: rgb(107, 114, 128);"[31m
        [36m>[31m
          [0mSoumis[0m
        [36m</span>[31m
      [36m</div>[31m
      [36m<p[31m
        [33mclass[31m=[32m"mt-2 text-sm text-gray-700 line-clamp-2"[31m
      [36m>[31m
        [0mAAAAAAAAAAAAAAAAAAAAAAAAAAAAAAAAAAAAAAAAAAAAAAAAAAAAAAAAAAAAAAAAAAAAAAAAAAAAAAAAAAAAAAAAAAAAAAAAAAAAAAAAAAAAAAAAAAAAAAAAAAAAAAAAAAAAAAAAAAAAAAAAAAAAAAAAAAAAAAAAAAAAAA
AAAAAAAAAAAAAAAAAAAAAAAAAAAAAAAAAA[0m
      [36m</p>[31m
      [36m<div[31m
        [33mclass[31m=[32m"mt-4 flex justify-between items-center text-xs text-gray-500"[31m
      [36m>[31m
        [36m<span[31m
          [33mclass[31m=[32m"font-medium"[31m
        [36m>[31m
          [0mAttestation de scolarit├®[0m
        [36m</span>[31m
        [36m<span>[31m
          [0m15/01/2026[0m
        [36m</span>[31m
      [36m</div>[31m
    [36m</div>[31m
  [36m</div>[31m
[36m</body>[31m[39m
[90m [2mÔØ»[22m Object.getElementError node_modules/@testing-library/dom/dist/config.js:[2m37:19[22m[39m
[90m [2mÔØ»[22m getElementError node_modules/@testing-library/dom/dist/query-helpers.js:[2m20:35[22m[39m
[90m [2mÔØ»[22m getMultipleElementsFoundError node_modules/@testing-library/dom/dist/query-helpers.js:[2m23:10[22m[39m
[90m [2mÔØ»[22m node_modules/@testing-library/dom/dist/query-helpers.js:[2m55:13[22m[39m
[90m [2mÔØ»[22m node_modules/@testing-library/dom/dist/query-helpers.js:[2m95:19[22m[39m
[36m [2mÔØ»[22m __tests__/unit/components/demandes/demande-card.test.tsx:[2m144:32[22m[39m
    [90m142| [39m    [34mrender[39m([33m<[39m[33mDemandeCard[39m [33mdemande[39m[33m=[39m[33m{[39mdemandeWithLongDesc[33m}[39m [33m/[39m[33m>[39m)[33m;[39m
    [90m143| [39m
    [90m144| [39m    [35mconst[39m description [33m=[39m screen[33m.[39m[34mgetByText[39m([36m/A+/[39m)[33m;[39m
    [90m   | [39m                               [31m^[39m
    [90m145| [39m    [34mexpect[39m(description)[33m.[39m[34mtoHaveClass[39m([32m'line-clamp-2'[39m)[33m;[39m
    [90m146| [39m  })[33m;[39m

[31m[2mÔÄ»ÔÄ»ÔÄ»ÔÄ»ÔÄ»ÔÄ»ÔÄ»ÔÄ»ÔÄ»ÔÄ»ÔÄ»ÔÄ»ÔÄ»ÔÄ»ÔÄ»ÔÄ»ÔÄ»ÔÄ»ÔÄ»ÔÄ»ÔÄ»ÔÄ»[10/12]ÔÄ»[22m[39m

[41m[1m FAIL [22m[49m __tests__/unit/lib/validators/demande.test.ts[2m > [22mfileUploadSchema[2m > [22mrejette une description trop courte
[31m[1mAssertionError[22m: expected [Function] to throw an error[39m

[32m- Expected:[39m 
null

[31m+ Received:[39m 
undefined

[36m [2mÔØ»[22m __tests__/unit/lib/validators/demande.test.ts:[2m467:48[22m[39m
    [90m465| [39m    [35mconst[39m file [33m=[39m [34mcreateMockFile[39m([32m'doc.pdf'[39m[33m,[39m [32m'application/pdf'[39m[33m,[39m [34m1024[39m)[33m;[39m
    [90m466| [39m    [35mconst[39m data [33m=[39m { file[33m,[39m description[33m:[39m [32m'Court'[39m }[33m;[39m
    [90m467| [39m    expect(() => fileUploadSchema.parse(data)).toThrow('La descriptionÔÇª
    [90m   | [39m                                               [31m^[39m
    [90m468| [39m  })[33m;[39m
    [90m469| [39m

[31m[2mÔÄ»ÔÄ»ÔÄ»ÔÄ»ÔÄ»ÔÄ»ÔÄ»ÔÄ»ÔÄ»ÔÄ»ÔÄ»ÔÄ»ÔÄ»ÔÄ»ÔÄ»ÔÄ»ÔÄ»ÔÄ»ÔÄ»ÔÄ»ÔÄ»ÔÄ»[11/12]ÔÄ»[22m[39m

[41m[1m FAIL [22m[49m __tests__/unit/lib/workflow/state-machine.test.ts[2m > [22mDemandeWorkflow[2m > [22mtransition[2m > [22mlance une erreur quand on essaie de 
modifier un ├®tat terminal
[31m[1mAssertionError[22m: expected [Function] to throw error including 'terminal state' but got 'Invalid transition: REJETE ÔåÆ EN_COURSÔÇª'[39m

Expected: [32m"terminal state"[39m
Received: [31m"Invalid transition: REJETE ÔåÆ EN_COURS. Allowed transitions: ARCHIVE"[39m

[31m[2mÔÄ»ÔÄ»ÔÄ»ÔÄ»ÔÄ»ÔÄ»ÔÄ»ÔÄ»ÔÄ»ÔÄ»ÔÄ»ÔÄ»ÔÄ»ÔÄ»ÔÄ»ÔÄ»ÔÄ»ÔÄ»ÔÄ»ÔÄ»ÔÄ»ÔÄ»[12/12]ÔÄ»[22m[39m

